Fri Apr 17 19:40:48 EDT 2026: === Daily Calendar Refresh Started ===
Fri Apr 17 19:40:48 EDT 2026: Checking trends...
Fri Apr 17 19:41:06 EDT 2026: === Daily Calendar Refresh Started ===
Fri Apr 17 19:41:06 EDT 2026: Checking trends...
Fri Apr 17 19:41:06 EDT 2026: Queueing posts for 2026-04-18...
Fri Apr 17 19:41:06 EDT 2026: Queued 4 posts for 2026-04-18
Fri Apr 17 19:41:06 EDT 2026: === Calendar Refresh Complete ===
Sat Apr 18 09:20:56 EDT 2026: === Daily Calendar Refresh Started ===
Sat Apr 18 09:20:56 EDT 2026: Checking trends...
Sat Apr 18 09:20:56 EDT 2026: Queueing posts for 2026-04-19...
Sat Apr 18 09:20:56 EDT 2026: Queued 4 posts for 2026-04-19
Sat Apr 18 09:20:56 EDT 2026: === Calendar Refresh Complete ===
Sun Apr 19 10:00:37 EDT 2026: === Daily Calendar Refresh Started ===
Sun Apr 19 10:00:37 EDT 2026: Checking trends...
Sun Apr 19 10:00:37 EDT 2026: Queueing posts for 2026-04-20...
Sun Apr 19 10:00:37 EDT 2026: Queued 4 posts for 2026-04-20
Sun Apr 19 10:00:37 EDT 2026: === Calendar Refresh Complete ===
Mon Apr 20 09:05:50 EDT 2026: === Daily Calendar Refresh Started ===
Mon Apr 20 09:05:50 EDT 2026: Checking trends...
Mon Apr 20 09:05:50 EDT 2026: Queueing posts for 2026-04-21...
Mon Apr 20 09:05:50 EDT 2026: Queued 4 posts for 2026-04-21
Mon Apr 20 09:05:50 EDT 2026: === Calendar Refresh Complete ===
Tue Apr 21 08:57:18 EDT 2026: === Daily Calendar Refresh Started ===
Tue Apr 21 08:57:18 EDT 2026: Checking trends...
Tue Apr 21 08:57:18 EDT 2026: Queueing posts for 2026-04-22...
Tue Apr 21 08:57:18 EDT 2026: Queued 4 posts for 2026-04-22
Tue Apr 21 08:57:18 EDT 2026: === Calendar Refresh Complete ===
Wed Apr 22 09:10:07 EDT 2026: === Daily Calendar Refresh Started ===
Wed Apr 22 09:10:07 EDT 2026: Checking trends...
Wed Apr 22 09:10:07 EDT 2026: Queueing posts for 2026-04-23...
Wed Apr 22 09:10:07 EDT 2026: Queued 4 posts for 2026-04-23
Wed Apr 22 09:10:07 EDT 2026: === Calendar Refresh Complete ===
Thu Apr 23 08:25:58 EDT 2026: === Daily Calendar Refresh Started ===
Thu Apr 23 08:25:58 EDT 2026: Checking trends...
Thu Apr 23 08:25:58 EDT 2026: Queueing posts for 2026-04-24...
Thu Apr 23 08:25:58 EDT 2026: Queued 4 posts for 2026-04-24
Thu Apr 23 08:25:58 EDT 2026: === Calendar Refresh Complete ===
Fri Apr 24 09:05:42 EDT 2026: === Daily Calendar Refresh Started ===
Fri Apr 24 09:05:42 EDT 2026: Checking trends...
Fri Apr 24 09:05:42 EDT 2026: Queueing posts for 2026-04-25...
Fri Apr 24 09:05:42 EDT 2026: Queued 4 posts for 2026-04-25
Fri Apr 24 09:05:42 EDT 2026: === Calendar Refresh Complete ===
Sat Apr 25 10:53:23 EDT 2026: === Daily Calendar Refresh Started ===
Sat Apr 25 10:53:23 EDT 2026: Checking trends...
Sat Apr 25 10:53:23 EDT 2026: Queueing posts for 2026-04-26...
Sat Apr 25 10:53:23 EDT 2026: Queued 4 posts for 2026-04-26
Sat Apr 25 10:53:23 EDT 2026: === Calendar Refresh Complete ===
Sun Apr 26 10:00:51 EDT 2026: === Daily Calendar Refresh Started ===
Sun Apr 26 10:00:51 EDT 2026: Checking trends...
Sun Apr 26 10:00:51 EDT 2026: Queueing posts for 2026-04-27...
Sun Apr 26 10:00:51 EDT 2026: Queued 4 posts for 2026-04-27
Sun Apr 26 10:00:51 EDT 2026: === Calendar Refresh Complete ===
Tue Apr 28 15:58:04 EDT 2026: === Daily Calendar Refresh Started ===
Tue Apr 28 15:58:04 EDT 2026: Today is 2026-04-28 (Tuesday)
Tue Apr 28 15:58:04 EDT 2026: Checking trends...
Tue Apr 28 15:58:04 EDT 2026: Queueing posts for TODAY (2026-04-28)...
Tue Apr 28 15:58:04 EDT 2026: Found 4 posts for 2026-04-28
Tue Apr 28 15:58:04 EDT 2026: Queued 4 posts for 2026-04-28 (Tuesday)
Tue Apr 28 15:58:04 EDT 2026: === Calendar Refresh Complete ===
Thu Apr 30 08:57:54 EDT 2026: === Daily Calendar Refresh Started ===
Thu Apr 30 08:57:54 EDT 2026: Today is 2026-04-30 (Thursday)
Thu Apr 30 08:57:54 EDT 2026: Checking trends...
Thu Apr 30 08:57:54 EDT 2026: Queueing posts for TODAY (2026-04-30)...
Thu Apr 30 08:57:54 EDT 2026: Found 4 posts for 2026-04-30
Thu Apr 30 08:57:54 EDT 2026: Queued 4 posts for 2026-04-30 (Thursday)
Thu Apr 30 08:57:54 EDT 2026: === Calendar Refresh Complete ===
Fri May  1 08:14:00 EDT 2026: === Daily Calendar Refresh Started ===
Fri May  1 08:14:00 EDT 2026: Today is 2026-05-01 (Friday)
Fri May  1 08:14:00 EDT 2026: Checking trends...
Fri May  1 08:14:00 EDT 2026: Queueing posts for TODAY (2026-05-01)...
Fri May  1 08:14:00 EDT 2026: Found 4 posts for 2026-05-01
Fri May  1 08:14:00 EDT 2026: Queued 4 posts for 2026-05-01 (Friday)
Fri May  1 08:14:00 EDT 2026: === Calendar Refresh Complete ===
Fri May  8 08:18:03 EDT 2026: === Daily Calendar Refresh Started ===
Fri May  8 08:18:03 EDT 2026: Today is 2026-05-08 (Friday)
Fri May  8 08:18:03 EDT 2026: Checking trends...
Fri May  8 08:18:03 EDT 2026: Queueing posts for TODAY (2026-05-08)...
Fri May  8 08:18:03 EDT 2026: No posts found for 2026-05-08
Fri May  8 08:18:03 EDT 2026: Found 4 potential repost candidates from 2026-04-24
Fri May  8 08:18:03 EDT 2026: === Calendar Refresh Complete ===
Sat May  9 08:18:03 EDT 2026: === Daily Calendar Refresh Started ===
Sat May  9 08:18:03 EDT 2026: Today is 2026-05-09 (Saturday)
Sat May  9 08:18:03 EDT 2026: Checking trends...
Sat May  9 08:18:03 EDT 2026: Queueing posts for TODAY (2026-05-09)...
Sat May  9 08:18:03 EDT 2026: No posts found for 2026-05-09
Sat May  9 08:18:03 EDT 2026: Found 4 potential repost candidates from 2026-04-25
Sat May  9 08:18:03 EDT 2026: === Calendar Refresh Complete ===
Sun May 10 08:09:10 EDT 2026: === Daily Calendar Refresh Started ===
Sun May 10 08:09:10 EDT 2026: Today is 2026-05-10 (Sunday)
Sun May 10 08:09:10 EDT 2026: Checking trends...
Sun May 10 08:09:10 EDT 2026: Queueing posts for TODAY (2026-05-10)...
Sun May 10 08:09:10 EDT 2026: No posts found for 2026-05-10
Sun May 10 08:09:10 EDT 2026: Found 4 potential repost candidates from 2026-04-26
Sun May 10 08:09:10 EDT 2026: === Calendar Refresh Complete ===
Mon May 11 08:47:58 EDT 2026: === Daily Calendar Refresh Started ===
Mon May 11 08:47:58 EDT 2026: Today is 2026-05-11 (Monday)
Mon May 11 08:47:58 EDT 2026: Checking trends...
Mon May 11 08:47:58 EDT 2026: Queueing posts for TODAY (2026-05-11)...
Mon May 11 08:47:58 EDT 2026: No posts found for 2026-05-11
Mon May 11 08:47:58 EDT 2026: Found 4 potential repost candidates from 2026-04-27
Mon May 11 08:47:58 EDT 2026: === Calendar Refresh Complete ===
Tue May 12 09:16:50 EDT 2026: === Daily Calendar Refresh Started ===
Tue May 12 09:16:50 EDT 2026: Today is 2026-05-12 (Tuesday)
Tue May 12 09:16:50 EDT 2026: Checking trends...
Tue May 12 09:16:50 EDT 2026: Queueing posts for TODAY (2026-05-12)...
Tue May 12 09:16:50 EDT 2026: No posts found for 2026-05-12
Tue May 12 09:16:50 EDT 2026: Found 4 potential repost candidates from 2026-04-28
Tue May 12 09:16:50 EDT 2026: === Calendar Refresh Complete ===
