{"timestamp":"2026-03-23T02:56:15.521Z","level":"info","message":"Starting Canva Automation Pipeline","specificTemplate":"instagram_carousel","fullPipeline":true}
{"timestamp":"2026-03-23T02:56:15.536Z","level":"info","message":"Generated template files","templateId":"instagram_carousel","outputDir":"/Users/aleckennedy/.openclaw/workspace/outputs/templates/instagram_carousel"}
{"timestamp":"2026-03-23T02:56:15.538Z","level":"error","message":"Pipeline failed","error":"Cannot find module 'glob'\nRequire stack:\n- /Users/aleckennedy/.openclaw/workspace/scripts/canva_automation.js","stack":"Error: Cannot find module 'glob'\nRequire stack:\n- /Users/aleckennedy/.openclaw/workspace/scripts/canva_automation.js\n    at Module._resolveFilename (node:internal/modules/cjs/loader:1420:15)\n    at defaultResolveImpl (node:internal/modules/cjs/loader:1058:19)\n    at resolveForCJSWithHooks (node:internal/modules/cjs/loader:1063:22)\n    at Module._load (node:internal/modules/cjs/loader:1226:37)\n    at TracingChannel.traceSync (node:diagnostics_channel:328:14)\n    at wrapModuleLoad (node:internal/modules/cjs/loader:244:24)\n    at Module.require (node:internal/modules/cjs/loader:1503:12)\n    at require (node:internal/modules/helpers:152:16)\n    at CanvaAutomationPipeline.run (/Users/aleckennedy/.openclaw/workspace/scripts/canva_automation.js:858:30)\n    at process.processTicksAndRejections (node:internal/process/task_queues:105:5)"}
{"timestamp":"2026-03-23T02:56:28.062Z","level":"info","message":"Starting Canva Automation Pipeline","specificTemplate":"instagram_carousel","fullPipeline":true}
{"timestamp":"2026-03-23T02:56:28.076Z","level":"info","message":"Generated template files","templateId":"instagram_carousel","outputDir":"/Users/aleckennedy/.openclaw/workspace/outputs/templates/instagram_carousel"}
{"timestamp":"2026-03-23T02:56:28.077Z","level":"info","message":"Canva compatibility check","template":"instagram_carousel","compatible":true,"missing":[]}
{"timestamp":"2026-03-23T02:56:28.078Z","level":"info","message":"Generated listing files","outputDir":"/Users/aleckennedy/.openclaw/workspace/outputs/templates/instagram_carousel/listings","platforms":["etsy","creative_market","designcuts"]}
{"timestamp":"2026-03-23T02:56:28.078Z","level":"info","message":"Notification: TEMPLATE_READY","templateId":"instagram_carousel","path":{"metadata":{"id":"instagram_carousel","name":"Instagram Carousel Post","generatedAt":"2026-03-23T02:56:28.065Z","version":"1.0.0","files":{"figma":"/Users/aleckennedy/.openclaw/workspace/outputs/templates/instagram_carousel/instagram_carousel_1774234588064_figma_commands.json","canva":"/Users/aleckennedy/.openclaw/workspace/outputs/templates/instagram_carousel/instagram_carousel_1774234588064_canva_import.md"},"config":{"id":"instagram_carousel","name":"Instagram Carousel Post","category":"social_media","sizes":[{"width":1080,"height":1080,"pages":5}],"style":"modern_minimal","colors":["#FF6B6B","#4ECDC4","#45B7D1"],"elements":["text_boxes","image_placeholders","icons"],"price":{"etsy":5.99,"creative_market":7,"designcuts":6.5},"tags":["instagram","carousel","social media","engagement","posts"]},"status":"ready_for_export"},"outputDir":"/Users/aleckennedy/.openclaw/workspace/outputs/templates/instagram_carousel","files":["/Users/aleckennedy/.openclaw/workspace/outputs/templates/instagram_carousel/instagram_carousel_1774234588064_figma_commands.json","/Users/aleckennedy/.openclaw/workspace/outputs/templates/instagram_carousel/instagram_carousel_1774234588064_canva_import.md","/Users/aleckennedy/.openclaw/workspace/outputs/templates/instagram_carousel/instagram_carousel_1774234588064_metadata.json","/Users/aleckennedy/.openclaw/workspace/outputs/templates/instagram_carousel/instagram_carousel_1774234588064_preview.html"]}}
{"timestamp":"2026-03-23T02:56:28.079Z","level":"info","message":"Pipeline completed","status":"SINGLE","generated":[{"success":true,"templateId":"instagram_carousel","path":{"metadata":{"id":"instagram_carousel","name":"Instagram Carousel Post","generatedAt":"2026-03-23T02:56:28.065Z","version":"1.0.0","files":{"figma":"/Users/aleckennedy/.openclaw/workspace/outputs/templates/instagram_carousel/instagram_carousel_1774234588064_figma_commands.json","canva":"/Users/aleckennedy/.openclaw/workspace/outputs/templates/instagram_carousel/instagram_carousel_1774234588064_canva_import.md"},"config":{"id":"instagram_carousel","name":"Instagram Carousel Post","category":"social_media","sizes":[{"width":1080,"height":1080,"pages":5}],"style":"modern_minimal","colors":["#FF6B6B","#4ECDC4","#45B7D1"],"elements":["text_boxes","image_placeholders","icons"],"price":{"etsy":5.99,"creative_market":7,"designcuts":6.5},"tags":["instagram","carousel","social media","engagement","posts"]},"status":"ready_for_export"},"outputDir":"/Users/aleckennedy/.openclaw/workspace/outputs/templates/instagram_carousel","files":["/Users/aleckennedy/.openclaw/workspace/outputs/templates/instagram_carousel/instagram_carousel_1774234588064_figma_commands.json","/Users/aleckennedy/.openclaw/workspace/outputs/templates/instagram_carousel/instagram_carousel_1774234588064_canva_import.md","/Users/aleckennedy/.openclaw/workspace/outputs/templates/instagram_carousel/instagram_carousel_1774234588064_metadata.json","/Users/aleckennedy/.openclaw/workspace/outputs/templates/instagram_carousel/instagram_carousel_1774234588064_preview.html"]}}]}
{"timestamp":"2026-03-23T02:56:37.772Z","level":"info","message":"Starting Canva Automation Pipeline","fullPipeline":true}
{"timestamp":"2026-03-23T02:56:37.772Z","level":"info","message":"Daily count reset for new day"}
{"timestamp":"2026-03-23T02:56:37.772Z","level":"info","message":"Added instagram_carousel to queue","priority":"normal"}
{"timestamp":"2026-03-23T02:56:37.772Z","level":"info","message":"Added youtube_thumbnail to queue","priority":"normal"}
{"timestamp":"2026-03-23T02:56:37.773Z","level":"info","message":"Added business_card to queue","priority":"normal"}
{"timestamp":"2026-03-23T02:56:37.773Z","level":"info","message":"Added resume_cv to queue","priority":"normal"}
{"timestamp":"2026-03-23T02:56:37.773Z","level":"info","message":"Added presentation_deck to queue","priority":"normal"}
{"timestamp":"2026-03-23T02:56:37.773Z","level":"info","message":"Added story_templates to queue","priority":"normal"}
{"timestamp":"2026-03-23T02:56:37.774Z","level":"info","message":"Added flyer_poster to queue","priority":"normal"}
{"timestamp":"2026-03-23T02:56:37.774Z","level":"info","message":"Added ebook_cover to queue","priority":"normal"}
{"timestamp":"2026-03-23T02:56:37.774Z","level":"info","message":"Auto-populated queue with all template types"}
{"timestamp":"2026-03-23T02:56:37.786Z","level":"info","message":"Generated template files","templateId":"instagram_carousel","outputDir":"/Users/aleckennedy/.openclaw/workspace/outputs/templates/instagram_carousel"}
{"timestamp":"2026-03-23T02:56:37.786Z","level":"info","message":"Completed template generation","templateId":"instagram_carousel","outputPath":"/Users/aleckennedy/.openclaw/workspace/outputs/templates/instagram_carousel"}
{"timestamp":"2026-03-23T02:56:37.787Z","level":"info","message":"Generated template files","templateId":"youtube_thumbnail","outputDir":"/Users/aleckennedy/.openclaw/workspace/outputs/templates/youtube_thumbnail"}
{"timestamp":"2026-03-23T02:56:37.787Z","level":"info","message":"Completed template generation","templateId":"youtube_thumbnail","outputPath":"/Users/aleckennedy/.openclaw/workspace/outputs/templates/youtube_thumbnail"}
{"timestamp":"2026-03-23T02:56:37.788Z","level":"info","message":"Generated template files","templateId":"business_card","outputDir":"/Users/aleckennedy/.openclaw/workspace/outputs/templates/business_card"}
{"timestamp":"2026-03-23T02:56:37.788Z","level":"info","message":"Completed template generation","templateId":"business_card","outputPath":"/Users/aleckennedy/.openclaw/workspace/outputs/templates/business_card"}
{"timestamp":"2026-03-23T02:56:37.788Z","level":"info","message":"Canva compatibility check","template":"instagram_carousel","compatible":true,"missing":[]}
{"timestamp":"2026-03-23T02:56:37.788Z","level":"info","message":"Canva compatibility check","template":"youtube_thumbnail","compatible":true,"missing":[]}
{"timestamp":"2026-03-23T02:56:37.789Z","level":"info","message":"Canva compatibility check","template":"business_card","compatible":true,"missing":[]}
{"timestamp":"2026-03-23T02:56:37.789Z","level":"info","message":"Generated listing files","outputDir":"/Users/aleckennedy/.openclaw/workspace/outputs/templates/instagram_carousel/listings","platforms":["etsy","creative_market","designcuts"]}
{"timestamp":"2026-03-23T02:56:37.790Z","level":"info","message":"Generated listing files","outputDir":"/Users/aleckennedy/.openclaw/workspace/outputs/templates/youtube_thumbnail/listings","platforms":["etsy","creative_market","designcuts"]}
{"timestamp":"2026-03-23T02:56:37.790Z","level":"info","message":"Generated listing files","outputDir":"/Users/aleckennedy/.openclaw/workspace/outputs/templates/business_card/listings","platforms":["etsy","creative_market","designcuts"]}
{"timestamp":"2026-03-23T02:56:37.791Z","level":"info","message":"Notification: TEMPLATE_READY","templateId":"instagram_carousel","path":"/Users/aleckennedy/.openclaw/workspace/outputs/templates/instagram_carousel"}
{"timestamp":"2026-03-23T02:56:37.791Z","level":"info","message":"Notification: TEMPLATE_READY","templateId":"youtube_thumbnail","path":"/Users/aleckennedy/.openclaw/workspace/outputs/templates/youtube_thumbnail"}
{"timestamp":"2026-03-23T02:56:37.791Z","level":"info","message":"Notification: TEMPLATE_READY","templateId":"business_card","path":"/Users/aleckennedy/.openclaw/workspace/outputs/templates/business_card"}
{"timestamp":"2026-03-23T02:56:37.791Z","level":"info","message":"Pipeline completed","status":"COMPLETED","generated":[{"success":true,"templateId":"instagram_carousel","path":"/Users/aleckennedy/.openclaw/workspace/outputs/templates/instagram_carousel"},{"success":true,"templateId":"youtube_thumbnail","path":"/Users/aleckennedy/.openclaw/workspace/outputs/templates/youtube_thumbnail"},{"success":true,"templateId":"business_card","path":"/Users/aleckennedy/.openclaw/workspace/outputs/templates/business_card"}],"remaining":0}
