=== Competitor Intelligence Check ===
Started at Sun Jul 26 18:00:01 EDT 2026
✅ No changes detected
Done at Sun Jul 26 18:00:36 EDT 2026
=== Competitor Intelligence Check ===
Started at Mon Jul 27 00:00:15 EDT 2026
✅ No changes detected
Done at Mon Jul 27 00:00:30 EDT 2026
=== Competitor Intelligence Check ===
Started at Mon Jul 27 12:00:00 EDT 2026
✅ No changes detected
Done at Mon Jul 27 12:00:39 EDT 2026
=== Competitor Intelligence Check ===
Started at Tue Jul 28 10:02:07 EDT 2026
✅ No changes detected
Done at Tue Jul 28 10:02:14 EDT 2026
=== Competitor Intelligence Check ===
Started at Tue Jul 28 16:00:01 CDT 2026
✅ No changes detected
Done at Tue Jul 28 16:00:30 CDT 2026
=== Competitor Intelligence Check ===
Started at Thu Jul 30 14:00:00 EDT 2026
✅ No changes detected
Done at Thu Jul 30 14:00:49 EDT 2026
=== Competitor Intelligence Check ===
Started at Thu Jul 30 16:00:00 EDT 2026
✅ No changes detected
Done at Thu Jul 30 16:00:31 EDT 2026
=== Competitor Intelligence Check ===
Started at Thu Jul 30 18:00:00 EDT 2026
✅ No changes detected
Done at Thu Jul 30 18:00:20 EDT 2026
=== Competitor Intelligence Check ===
Started at Thu Jul 30 20:00:00 EDT 2026
✅ No changes detected
Done at Thu Jul 30 20:00:39 EDT 2026
=== Competitor Intelligence Check ===
Started at Thu Jul 30 22:00:00 EDT 2026
✅ No changes detected
Done at Thu Jul 30 22:00:25 EDT 2026
=== Competitor Intelligence Check ===
Started at Fri Jul 31 00:00:00 EDT 2026
✅ No changes detected
Done at Fri Jul 31 00:00:27 EDT 2026
=== Competitor Intelligence Check ===
Started at Fri Jul 31 02:00:00 EDT 2026
✅ No changes detected
Done at Fri Jul 31 02:00:30 EDT 2026
=== Competitor Intelligence Check ===
Started at Fri Jul 31 04:00:01 EDT 2026
✅ No changes detected
Done at Fri Jul 31 04:00:33 EDT 2026
=== Competitor Intelligence Check ===
Started at Fri Jul 31 06:00:00 EDT 2026
✅ No changes detected
Done at Fri Jul 31 06:00:21 EDT 2026
=== Competitor Intelligence Check ===
Started at Fri Jul 31 08:00:00 EDT 2026
✅ No changes detected
Done at Fri Jul 31 08:00:28 EDT 2026
=== Competitor Intelligence Check ===
Started at Fri Jul 31 10:00:01 EDT 2026
✅ No changes detected
Done at Fri Jul 31 10:00:28 EDT 2026
=== Competitor Intelligence Check ===
Started at Fri Jul 31 12:00:01 EDT 2026
✅ No changes detected
Done at Fri Jul 31 12:00:30 EDT 2026
=== Competitor Intelligence Check ===
Started at Fri Jul 31 14:00:00 EDT 2026
✅ No changes detected
Done at Fri Jul 31 14:00:19 EDT 2026
=== Competitor Intelligence Check ===
Started at Fri Jul 31 16:00:00 EDT 2026
✅ No changes detected
Done at Fri Jul 31 16:00:30 EDT 2026
=== Competitor Intelligence Check ===
Started at Fri Jul 31 18:00:00 EDT 2026
✅ No changes detected
Done at Fri Jul 31 18:00:26 EDT 2026
=== Competitor Intelligence Check ===
Started at Fri Jul 31 22:00:01 EDT 2026
✅ No changes detected
Done at Fri Jul 31 22:00:43 EDT 2026
=== Competitor Intelligence Check ===
Started at Sat Aug  1 00:00:00 EDT 2026
✅ No changes detected
Done at Sat Aug  1 00:00:30 EDT 2026
=== Competitor Intelligence Check ===
Started at Sat Aug  1 12:00:00 EDT 2026
✅ No changes detected
Done at Sat Aug  1 12:00:25 EDT 2026
=== Competitor Intelligence Check ===
Started at Sat Aug  1 14:00:00 EDT 2026
✅ No changes detected
Done at Sat Aug  1 14:00:21 EDT 2026
=== Competitor Intelligence Check ===
Started at Sat Aug  1 16:00:00 EDT 2026
✅ No changes detected
Done at Sat Aug  1 16:00:33 EDT 2026
=== Competitor Intelligence Check ===
Started at Sat Aug  1 18:00:00 EDT 2026
✅ No changes detected
Done at Sat Aug  1 18:00:38 EDT 2026
=== Competitor Intelligence Check ===
Started at Sat Aug  1 20:00:00 EDT 2026
✅ No changes detected
Done at Sat Aug  1 20:00:17 EDT 2026
=== Competitor Intelligence Check ===
Started at Sat Aug  1 22:00:00 EDT 2026
✅ No changes detected
Done at Sat Aug  1 22:00:34 EDT 2026
=== Competitor Intelligence Check ===
Started at Sun Aug  2 00:00:00 EDT 2026
✅ No changes detected
Done at Sun Aug  2 00:00:28 EDT 2026
=== Competitor Intelligence Check ===
Started at Sun Aug  2 02:00:01 EDT 2026
✅ No changes detected
Done at Sun Aug  2 02:00:20 EDT 2026
=== Competitor Intelligence Check ===
Started at Sun Aug  2 04:00:00 EDT 2026
✅ No changes detected
Done at Sun Aug  2 04:00:37 EDT 2026
=== Competitor Intelligence Check ===
Started at Sun Aug  2 06:00:00 EDT 2026
✅ No changes detected
Done at Sun Aug  2 06:00:19 EDT 2026
=== Competitor Intelligence Check ===
Started at Sun Aug  2 08:00:00 EDT 2026
✅ No changes detected
Done at Sun Aug  2 08:00:27 EDT 2026
=== Competitor Intelligence Check ===
Started at Sun Aug  2 10:00:00 EDT 2026
✅ No changes detected
Done at Sun Aug  2 10:00:17 EDT 2026
=== Competitor Intelligence Check ===
Started at Sun Aug  2 12:00:01 EDT 2026
✅ No changes detected
Done at Sun Aug  2 12:00:26 EDT 2026
=== Competitor Intelligence Check ===
Started at Sun Aug  2 14:00:00 EDT 2026
✅ No changes detected
Done at Sun Aug  2 14:00:21 EDT 2026
=== Competitor Intelligence Check ===
Started at Sun Aug  2 16:00:00 EDT 2026
✅ No changes detected
Done at Sun Aug  2 16:00:42 EDT 2026
=== Competitor Intelligence Check ===
Started at Sun Aug  2 18:00:00 EDT 2026
✅ No changes detected
Done at Sun Aug  2 18:00:42 EDT 2026
=== Competitor Intelligence Check ===
Started at Sun Aug  2 20:00:00 EDT 2026
✅ No changes detected
Done at Sun Aug  2 20:00:26 EDT 2026
=== Competitor Intelligence Check ===
Started at Mon Aug  3 00:00:05 EDT 2026
✅ No changes detected
Done at Mon Aug  3 00:00:32 EDT 2026
=== Competitor Intelligence Check ===
Started at Mon Aug  3 10:00:01 EDT 2026
✅ No changes detected
Done at Mon Aug  3 10:00:29 EDT 2026
=== Competitor Intelligence Check ===
Started at Mon Aug  3 12:00:00 EDT 2026
✅ No changes detected
Done at Mon Aug  3 12:00:45 EDT 2026
=== Competitor Intelligence Check ===
Started at Mon Aug  3 14:00:00 EDT 2026
✅ No changes detected
Done at Mon Aug  3 14:01:01 EDT 2026
=== Competitor Intelligence Check ===
Started at Mon Aug  3 16:00:00 EDT 2026
✅ No changes detected
Done at Mon Aug  3 16:00:03 EDT 2026
=== Competitor Intelligence Check ===
Started at Mon Aug  3 18:00:00 EDT 2026
✅ No changes detected
Done at Mon Aug  3 18:00:28 EDT 2026
=== Competitor Intelligence Check ===
Started at Mon Aug  3 20:00:00 EDT 2026
✅ No changes detected
Done at Mon Aug  3 20:00:32 EDT 2026
=== Competitor Intelligence Check ===
Started at Mon Aug  3 22:00:00 EDT 2026
✅ No changes detected
Done at Mon Aug  3 22:00:38 EDT 2026
=== Competitor Intelligence Check ===
Started at Tue Aug  4 00:00:03 EDT 2026
✅ No changes detected
Done at Tue Aug  4 00:00:36 EDT 2026
=== Competitor Intelligence Check ===
Started at Tue Aug  4 02:00:00 EDT 2026
✅ No changes detected
Done at Tue Aug  4 02:00:32 EDT 2026
=== Competitor Intelligence Check ===
Started at Tue Aug  4 04:00:00 EDT 2026
✅ No changes detected
Done at Tue Aug  4 04:00:19 EDT 2026
=== Competitor Intelligence Check ===
Started at Tue Aug  4 06:00:01 EDT 2026
✅ No changes detected
Done at Tue Aug  4 06:00:31 EDT 2026
=== Competitor Intelligence Check ===
Started at Tue Aug  4 10:00:00 EDT 2026
✅ No changes detected
Done at Tue Aug  4 10:00:20 EDT 2026
=== Competitor Intelligence Check ===
Started at Tue Aug  4 12:00:00 EDT 2026
✅ No changes detected
Done at Tue Aug  4 12:00:27 EDT 2026
=== Competitor Intelligence Check ===
Started at Tue Aug  4 14:00:01 EDT 2026
✅ No changes detected
Done at Tue Aug  4 14:00:41 EDT 2026
=== Competitor Intelligence Check ===
Started at Wed Aug  5 16:00:00 EDT 2026
✅ No changes detected
Done at Wed Aug  5 16:00:37 EDT 2026
=== Competitor Intelligence Check ===
Started at Wed Aug  5 22:00:00 EDT 2026
✅ No changes detected
Done at Wed Aug  5 22:00:39 EDT 2026
=== Competitor Intelligence Check ===
Started at Thu Aug  6 10:00:00 EDT 2026
✅ No changes detected
Done at Thu Aug  6 10:00:28 EDT 2026
=== Competitor Intelligence Check ===
Started at Thu Aug  6 12:00:00 EDT 2026
✅ No changes detected
Done at Thu Aug  6 12:00:33 EDT 2026
=== Competitor Intelligence Check ===
Started at Thu Aug  6 14:00:00 EDT 2026
✅ No changes detected
Done at Thu Aug  6 14:00:19 EDT 2026
=== Competitor Intelligence Check ===
Started at Thu Aug  6 16:00:00 EDT 2026
✅ No changes detected
Done at Thu Aug  6 16:00:33 EDT 2026
=== Competitor Intelligence Check ===
Started at Thu Aug  6 18:00:00 EDT 2026
✅ No changes detected
Done at Thu Aug  6 18:00:28 EDT 2026
=== Competitor Intelligence Check ===
Started at Thu Aug  6 20:00:00 EDT 2026
✅ No changes detected
Done at Thu Aug  6 20:00:55 EDT 2026
=== Competitor Intelligence Check ===
Started at Thu Aug  6 22:00:00 EDT 2026
✅ No changes detected
Done at Thu Aug  6 22:00:39 EDT 2026
=== Competitor Intelligence Check ===
Started at Fri Aug  7 00:00:00 EDT 2026
✅ No changes detected
Done at Fri Aug  7 00:00:31 EDT 2026
=== Competitor Intelligence Check ===
Started at Fri Aug  7 02:00:00 EDT 2026
✅ No changes detected
Done at Fri Aug  7 02:00:26 EDT 2026
=== Competitor Intelligence Check ===
Started at Fri Aug  7 04:00:00 EDT 2026
✅ No changes detected
Done at Fri Aug  7 04:00:28 EDT 2026
=== Competitor Intelligence Check ===
Started at Fri Aug  7 06:00:01 EDT 2026
✅ No changes detected
Done at Fri Aug  7 06:00:29 EDT 2026
=== Competitor Intelligence Check ===
Started at Fri Aug  7 08:00:00 EDT 2026
✅ No changes detected
Done at Fri Aug  7 08:00:27 EDT 2026
=== Competitor Intelligence Check ===
Started at Fri Aug  7 10:08:57 EDT 2026
✅ No changes detected
Done at Fri Aug  7 10:12:15 EDT 2026
=== Competitor Intelligence Check ===
Started at Sat Aug  8 12:00:00 EDT 2026
✅ No changes detected
Done at Sat Aug  8 12:00:31 EDT 2026
=== Competitor Intelligence Check ===
Started at Sat Aug  8 14:00:00 EDT 2026
✅ No changes detected
Done at Sat Aug  8 14:00:30 EDT 2026
=== Competitor Intelligence Check ===
Started at Sat Aug  8 16:00:00 EDT 2026
✅ No changes detected
Done at Sat Aug  8 16:00:32 EDT 2026
=== Competitor Intelligence Check ===
Started at Sat Aug  8 18:00:00 EDT 2026
✅ No changes detected
Done at Sat Aug  8 18:00:30 EDT 2026
=== Competitor Intelligence Check ===
Started at Sat Aug  8 20:00:01 EDT 2026
✅ No changes detected
Done at Sat Aug  8 20:00:26 EDT 2026
=== Competitor Intelligence Check ===
Started at Sat Aug  8 22:00:00 EDT 2026
✅ No changes detected
Done at Sat Aug  8 22:00:32 EDT 2026
=== Competitor Intelligence Check ===
Started at Sun Aug  9 04:01:36 EDT 2026
✅ No changes detected
Done at Sun Aug  9 04:18:33 EDT 2026
=== Competitor Intelligence Check ===
Started at Sun Aug  9 12:00:00 EDT 2026
✅ No changes detected
Done at Sun Aug  9 12:00:36 EDT 2026
=== Competitor Intelligence Check ===
Started at Sun Aug  9 14:00:01 EDT 2026
✅ No changes detected
Done at Sun Aug  9 14:00:17 EDT 2026
=== Competitor Intelligence Check ===
Started at Sun Aug  9 16:00:00 EDT 2026
✅ No changes detected
Done at Sun Aug  9 16:00:26 EDT 2026
=== Competitor Intelligence Check ===
Started at Sun Aug  9 20:00:00 EDT 2026
✅ No changes detected
Done at Sun Aug  9 20:00:26 EDT 2026
=== Competitor Intelligence Check ===
Started at Sun Aug  9 22:00:01 EDT 2026
✅ No changes detected
Done at Sun Aug  9 22:00:35 EDT 2026
=== Competitor Intelligence Check ===
Started at Mon Aug 10 10:00:00 EDT 2026
✅ No changes detected
Done at Mon Aug 10 10:00:27 EDT 2026
=== Competitor Intelligence Check ===
Started at Mon Aug 10 12:00:00 EDT 2026
✅ No changes detected
Done at Mon Aug 10 12:00:31 EDT 2026
=== Competitor Intelligence Check ===
Started at Mon Aug 10 14:00:01 EDT 2026
✅ No changes detected
Done at Mon Aug 10 14:00:28 EDT 2026
=== Competitor Intelligence Check ===
Started at Mon Aug 10 16:00:00 EDT 2026
✅ No changes detected
Done at Mon Aug 10 16:00:05 EDT 2026
=== Competitor Intelligence Check ===
Started at Mon Aug 10 20:08:50 EDT 2026
✅ No changes detected
Done at Mon Aug 10 20:08:53 EDT 2026
=== Competitor Intelligence Check ===
Started at Mon Aug 10 22:00:00 EDT 2026
✅ No changes detected
Done at Mon Aug 10 22:00:20 EDT 2026
=== Competitor Intelligence Check ===
Started at Tue Aug 11 08:00:00 EDT 2026
✅ No changes detected
Done at Tue Aug 11 08:00:40 EDT 2026
=== Competitor Intelligence Check ===
Started at Tue Aug 11 10:00:00 EDT 2026
✅ No changes detected
Done at Tue Aug 11 10:00:15 EDT 2026
=== Competitor Intelligence Check ===
Started at Tue Aug 11 16:00:00 EDT 2026
✅ No changes detected
Done at Tue Aug 11 16:00:30 EDT 2026
=== Competitor Intelligence Check ===
Started at Wed Aug 12 18:00:00 EDT 2026
✅ No changes detected
Done at Wed Aug 12 18:00:35 EDT 2026
=== Competitor Intelligence Check ===
Started at Wed Aug 12 20:00:00 EDT 2026
✅ No changes detected
Done at Wed Aug 12 20:00:25 EDT 2026
=== Competitor Intelligence Check ===
Started at Wed Aug 12 22:00:00 EDT 2026
✅ No changes detected
Done at Wed Aug 12 22:00:40 EDT 2026
=== Competitor Intelligence Check ===
Started at Thu Aug 13 00:00:00 EDT 2026
✅ No changes detected
Done at Thu Aug 13 00:00:35 EDT 2026
=== Competitor Intelligence Check ===
Started at Thu Aug 13 02:00:00 EDT 2026
✅ No changes detected
Done at Thu Aug 13 02:00:25 EDT 2026
=== Competitor Intelligence Check ===
Started at Thu Aug 13 06:00:00 EDT 2026
✅ No changes detected
Done at Thu Aug 13 06:00:41 EDT 2026
=== Competitor Intelligence Check ===
Started at Thu Aug 13 08:00:00 EDT 2026
✅ No changes detected
Done at Thu Aug 13 08:00:30 EDT 2026
=== Competitor Intelligence Check ===
Started at Thu Aug 13 14:00:00 EDT 2026
✅ No changes detected
Done at Thu Aug 13 14:00:59 EDT 2026
=== Competitor Intelligence Check ===
Started at Thu Aug 13 16:00:00 EDT 2026
✅ No changes detected
Done at Thu Aug 13 16:00:23 EDT 2026
=== Competitor Intelligence Check ===
Started at Thu Aug 13 18:00:00 EDT 2026
✅ No changes detected
Done at Thu Aug 13 18:00:29 EDT 2026
=== Competitor Intelligence Check ===
Started at Thu Aug 13 20:00:01 EDT 2026
✅ No changes detected
Done at Thu Aug 13 20:00:41 EDT 2026
=== Competitor Intelligence Check ===
Started at Thu Aug 13 22:00:00 EDT 2026
✅ No changes detected
Done at Thu Aug 13 22:00:39 EDT 2026
