=== Multi-Platform Content Generation ===
Topic: AI automation for small businesses
Generating content for: AI automation for small businesses


============================================================
PLATFORM: TWITTER
FORMAT: single
CHARACTERS: 132
SCHEDULED: 9:00 AM
------------------------------------------------------------
⚡ I spent 2 hours on AI automation for small businesses yesterday.

Businesses save 10+ hours/week



#AI #SmallBusiness #Automation

============================================================
PLATFORM: LINKEDIN
FORMAT: article
CHARACTERS: 49
SCHEDULED: 8:00 AM
------------------------------------------------------------
Before/after: 

Before: 

After: 

How: 

Result:

============================================================
PLATFORM: REDDIT
FORMAT: text_post
CHARACTERS: 41
SCHEDULED: 12:00 PM
------------------------------------------------------------
I automated  for my business. Here's how:

============================================================
PLATFORM: NEWSLETTER
FORMAT: article
CHARACTERS: 115
SCHEDULED: Sunday 9:00 AM
------------------------------------------------------------
# The Automation Playbook: AI automation for small businesses



## Manual Process


## Automated Solution


## ROI

============================================================
PLATFORM: YOUTUBE_SHORTS
FORMAT: video_script
CHARACTERS: 54
SCHEDULED: 6:00 PM
------------------------------------------------------------
[Before state] [Pain point] [Solution reveal] [Result]


Saved to: /Users/aleckennedy/.openclaw/workspace/content/generated/ai_automation_for_small_businesses_20260812_070000.json

Done at Wed Aug 12 07:00:00 EDT 2026
