🚀 DAILY SUPERCHARGED RUN
======================================================================
Started: 2026-08-13 06:30:00

1️⃣  Scout Web Intelligence
----------------------------------------------------------------------
   ✓ Researched 0 deals
   ✓ Found 0 intelligence items

2️⃣  AI Industry Intelligence
----------------------------------------------------------------------
   ✓ Breaking news: 0
   ✓ Funding updates: 0
   ✓ Content opportunities: 0
   ✓ Credits used: 0

3️⃣  Twitter/X Supercharged Content
----------------------------------------------------------------------
🔍 Gathering AI industry intelligence...
   ✓ Posts generated: 1
   ✓ Schedule:
      20:00 - framework (self_identification)
   ✓ 1 posts queued in state.json

📊 DAILY SUMMARY
======================================================================
   Modules run: 3
   Successful: 3
   Total API credits: 0
   Finished: 06:30:00

✓ Results saved: /Users/aleckennedy/.openclaw/workspace/daily_run_20260813_063000.json
