zsh:1: command not found: openclaw
zsh:1: command not found: openclaw
zsh:1: command not found: openclaw
zsh:1: command not found: openclaw
zsh:1: command not found: openclaw
zsh:1: command not found: openclaw
zsh:1: command not found: openclaw
zsh:1: command not found: openclaw
zsh:1: command not found: openclaw
zsh:1: command not found: openclaw
zsh:1: command not found: openclaw
zsh:1: command not found: openclaw
zsh:1: command not found: openclaw
zsh:1: command not found: openclaw
zsh:1: command not found: openclaw
zsh:1: command not found: openclaw
zsh:1: command not found: openclaw
zsh:1: command not found: openclaw
zsh:1: command not found: openclaw
zsh:1: command not found: openclaw
zsh:1: command not found: openclaw
zsh:1: command not found: openclaw
zsh:1: command not found: openclaw
zsh:1: command not found: openclaw
zsh:1: command not found: openclaw
zsh:1: command not found: openclaw
zsh:1: command not found: openclaw
zsh:1: command not found: openclaw
zsh:1: command not found: openclaw
zsh:1: command not found: openclaw
zsh:1: command not found: openclaw
zsh:1: command not found: openclaw
zsh:1: command not found: openclaw
zsh:1: command not found: openclaw
zsh:1: command not found: openclaw
zsh:1: command not found: openclaw
zsh:1: command not found: openclaw
zsh:1: command not found: openclaw
zsh:1: command not found: openclaw
zsh:1: command not found: openclaw
zsh:1: command not found: openclaw
zsh:1: command not found: openclaw
zsh:1: command not found: openclaw
zsh:1: command not found: openclaw
zsh:1: command not found: openclaw
zsh:1: command not found: openclaw
zsh:1: command not found: openclaw
zsh:1: command not found: openclaw
zsh:1: command not found: openclaw
zsh:1: command not found: openclaw
zsh:1: command not found: openclaw
zsh:1: command not found: openclaw
zsh:1: command not found: openclaw
zsh:1: command not found: openclaw
zsh:1: command not found: openclaw
zsh:1: command not found: openclaw
zsh:1: command not found: openclaw
zsh:1: command not found: openclaw
zsh:1: command not found: openclaw
zsh:1: command not found: openclaw
zsh:1: command not found: openclaw
zsh:1: command not found: openclaw
zsh:1: command not found: openclaw
zsh:1: command not found: openclaw
zsh:1: command not found: openclaw
zsh:1: command not found: openclaw
zsh:1: command not found: openclaw
zsh:1: command not found: openclaw
zsh:1: command not found: openclaw
zsh:1: command not found: openclaw
zsh:1: command not found: openclaw
zsh:1: command not found: openclaw
zsh:1: command not found: openclaw
zsh:1: command not found: openclaw
zsh:1: command not found: openclaw
zsh:1: command not found: openclaw
zsh:1: command not found: openclaw
zsh:1: command not found: openclaw
error: unknown option '--check-overdue'
error: unknown option '--check-overdue'
error: unknown option '--check-overdue'
error: unknown option '--check-overdue'
error: unknown option '--check-overdue'
error: unknown option '--check-overdue'
error: unknown option '--check-overdue'
error: too many arguments for 'skills'. Expected 0 arguments but got 2.
error: unknown option '--check-overdue'
error: unknown option '--check-overdue'
error: unknown option '--check-overdue'
error: unknown option '--check-overdue'
error: too many arguments for 'skills'. Expected 0 arguments but got 2.
error: unknown option '--check-overdue'
error: unknown option '--check-overdue'
error: unknown option '--check-overdue'
error: unknown option '--check-overdue'
error: unknown option '--check-overdue'
error: too many arguments for 'skills'. Expected 0 arguments but got 2.
error: unknown option '--check-overdue'
error: unknown option '--check-overdue'
error: unknown option '--check-overdue'
error: unknown option '--check-overdue'
error: unknown option '--check-overdue'
error: unknown option '--check-overdue'
error: unknown option '--check-overdue'
error: too many arguments for 'skills'. Expected 0 arguments but got 2.
error: unknown option '--check-overdue'
error: unknown option '--check-overdue'
error: too many arguments for 'skills'. Expected 0 arguments but got 2.
error: unknown option '--check-overdue'
error: unknown option '--check-overdue'
error: unknown option '--check-overdue'
error: unknown option '--check-overdue'
error: unknown option '--check-overdue'
error: unknown option '--check-overdue'
error: unknown option '--check-overdue'
error: unknown option '--check-overdue'
error: unknown option '--check-overdue'
error: unknown option '--check-overdue'
error: unknown option '--check-overdue'
error: unknown option '--check-overdue'
error: too many arguments for 'skills'. Expected 0 arguments but got 2.
error: unknown option '--check-overdue'
error: unknown option '--check-overdue'
error: unknown option '--check-overdue'
error: unknown option '--check-overdue'
error: unknown option '--check-overdue'
error: unknown option '--check-overdue'
error: unknown option '--check-overdue'
error: unknown option '--check-overdue'
error: unknown option '--check-overdue'
error: unknown option '--check-overdue'
error: unknown option '--check-overdue'
error: unknown option '--check-overdue'
error: unknown option '--check-overdue'
error: too many arguments for 'skills'. Expected 0 arguments but got 2.
error: unknown option '--check-overdue'
error: unknown option '--check-overdue'
error: too many arguments for 'skills'. Expected 0 arguments but got 2.
error: too many arguments for 'skills'. Expected 0 arguments but got 2.
error: too many arguments for 'skills'. Expected 0 arguments but got 2.
error: unknown option '--check-overdue'
error: unknown option '--check-overdue'
error: unknown option '--check-overdue'
error: too many arguments for 'skills'. Expected 0 arguments but got 2.
error: unknown option '--check-overdue'
error: unknown option '--check-overdue'
error: unknown option '--check-overdue'
error: unknown option '--check-overdue'
error: unknown option '--check-overdue'
error: unknown option '--check-overdue'
error: unknown option '--check-overdue'
error: unknown option '--check-overdue'
error: unknown option '--check-overdue'
error: unknown option '--check-overdue'
error: unknown option '--check-overdue'
error: unknown option '--check-overdue'
📝 Content Pipeline Starting...

Loaded 14 content items

Found 1 threads to convert to blog posts
⏭️  Skipped (already generated this week): Building in Public
⏭️  Skipped newsletter (already generated for week of 2026-03-29)

📊 Content Pipeline Stats:
   Blog posts: 9
   Newsletters: 5

✨ Done! Next: Install blogwatcher + himalaya for full automation
(node:66838) [MODULE_TYPELESS_PACKAGE_JSON] Warning: Module type of file:///Users/aleckennedy/.openclaw/workspace/content-pipeline/generate.js is not specified and it doesn't parse as CommonJS.
Reparsing as ES module because module syntax was detected. This incurs a performance overhead.
To eliminate this warning, add "type": "module" to /Users/aleckennedy/.openclaw/workspace/package.json.
(Use `node --trace-warnings ...` to show where the warning was created)
error: unknown option '--check-overdue'
error: unknown option '--check-overdue'
error: too many arguments for 'skills'. Expected 0 arguments but got 2.
error: too many arguments for 'skills'. Expected 0 arguments but got 2.
error: unknown option '--check-overdue'
error: unknown option '--check-overdue'
error: unknown option '--check-overdue'
error: unknown option '--check-overdue'
error: unknown option '--check-overdue'
error: too many arguments for 'skills'. Expected 0 arguments but got 2.
error: unknown option '--check-overdue'
error: unknown option '--check-overdue'
error: unknown option '--check-overdue'
error: unknown option '--check-overdue'
error: unknown option '--check-overdue'
error: unknown option '--check-overdue'
error: unknown option '--check-overdue'
error: too many arguments for 'skills'. Expected 0 arguments but got 2.
error: unknown option '--check-overdue'
error: unknown option '--check-overdue'
error: unknown option '--check-overdue'
error: unknown option '--check-overdue'
error: too many arguments for 'skills'. Expected 0 arguments but got 2.
error: unknown option '--check-overdue'
error: unknown option '--check-overdue'
error: unknown option '--check-overdue'
error: unknown option '--check-overdue'
error: unknown option '--check-overdue'
error: unknown option '--check-overdue'
error: unknown option '--check-overdue'
error: unknown option '--check-overdue'
error: unknown option '--check-overdue'
error: unknown option '--check-overdue'
error: too many arguments for 'skills'. Expected 0 arguments but got 2.
error: unknown option '--check-overdue'
error: unknown option '--check-overdue'
error: unknown option '--check-overdue'
error: unknown option '--check-overdue'
error: unknown option '--check-overdue'
error: unknown option '--check-overdue'
error: unknown option '--check-overdue'
error: too many arguments for 'skills'. Expected 0 arguments but got 2.
error: unknown option '--check-overdue'
error: unknown option '--check-overdue'
error: unknown option '--check-overdue'
error: unknown option '--check-overdue'
error: unknown option '--check-overdue'
error: unknown option '--check-overdue'
error: unknown option '--check-overdue'
error: unknown option '--check-overdue'
error: unknown option '--check-overdue'
error: unknown option '--check-overdue'
error: unknown option '--check-overdue'
error: unknown option '--check-overdue'
error: unknown option '--check-overdue'
error: unknown option '--check-overdue'
error: too many arguments for 'skills'. Expected 0 arguments but got 2.
error: too many arguments for 'skills'. Expected 0 arguments but got 2.
error: unknown option '--check-overdue'
error: unknown option '--check-overdue'
error: unknown option '--check-overdue'
error: unknown option '--check-overdue'
error: too many arguments for 'skills'. Expected 0 arguments but got 2.
error: unknown option '--check-overdue'
error: unknown option '--check-overdue'
error: unknown option '--check-overdue'
error: unknown option '--check-overdue'
error: unknown option '--check-overdue'
error: unknown option '--check-overdue'
error: unknown option '--check-overdue'
error: unknown option '--check-overdue'
error: unknown option '--check-overdue'
error: too many arguments for 'skills'. Expected 0 arguments but got 2.
error: unknown option '--check-overdue'
error: unknown option '--check-overdue'
error: unknown option '--check-overdue'
error: unknown option '--check-overdue'
error: unknown option '--check-overdue'
error: unknown option '--check-overdue'
error: unknown option '--check-overdue'
error: unknown option '--check-overdue'
error: unknown option '--check-overdue'
error: unknown option '--check-overdue'
📝 Content Pipeline Starting...

Loaded 14 content items

Found 1 threads to convert to blog posts
✅ Generated: 2026-04-08-building-in-public.md
✅ Generated newsletter: newsletter-2026-04-05.md

📊 Content Pipeline Stats:
   Blog posts: 17
   Newsletters: 6

✨ Done! Next: Install blogwatcher + himalaya for full automation
(node:90673) [MODULE_TYPELESS_PACKAGE_JSON] Warning: Module type of file:///Users/aleckennedy/.openclaw/workspace/content-pipeline/generate.js is not specified and it doesn't parse as CommonJS.
Reparsing as ES module because module syntax was detected. This incurs a performance overhead.
To eliminate this warning, add "type": "module" to /Users/aleckennedy/.openclaw/workspace/package.json.
(Use `node --trace-warnings ...` to show where the warning was created)
error: unknown option '--check-overdue'
error: too many arguments for 'skills'. Expected 0 arguments but got 2.
error: unknown option '--check-overdue'
error: too many arguments for 'skills'. Expected 0 arguments but got 2.
error: unknown option '--check-overdue'
error: unknown option '--check-overdue'
error: unknown option '--check-overdue'
error: unknown option '--check-overdue'
error: too many arguments for 'skills'. Expected 0 arguments but got 2.
error: unknown option '--check-overdue'
error: unknown option '--check-overdue'
error: unknown option '--check-overdue'
error: unknown option '--check-overdue'
error: unknown option '--check-overdue'
error: unknown option '--check-overdue'
error: too many arguments for 'skills'. Expected 0 arguments but got 2.
error: unknown option '--check-overdue'
error: unknown option '--check-overdue'
error: too many arguments for 'skills'. Expected 0 arguments but got 2.
error: unknown option '--check-overdue'
error: unknown option '--check-overdue'
error: unknown option '--check-overdue'
error: unknown option '--check-overdue'
error: unknown option '--check-overdue'
error: too many arguments for 'skills'. Expected 0 arguments but got 2.
error: unknown option '--check-overdue'
error: too many arguments for 'skills'. Expected 0 arguments but got 2.
error: unknown option '--check-overdue'
error: unknown option '--check-overdue'
error: unknown option '--check-overdue'
error: unknown option '--check-overdue'
error: unknown option '--check-overdue'
error: too many arguments for 'skills'. Expected 0 arguments but got 2.
error: unknown option '--check-overdue'
error: unknown option '--check-overdue'
error: unknown option '--check-overdue'
error: unknown option '--check-overdue'
error: unknown option '--check-overdue'
error: too many arguments for 'skills'. Expected 0 arguments but got 2.
error: unknown option '--check-overdue'
error: unknown option '--check-overdue'
error: unknown option '--check-overdue'
error: unknown option '--check-overdue'
error: unknown option '--check-overdue'
error: unknown option '--check-overdue'
error: too many arguments for 'skills'. Expected 0 arguments but got 2.
error: unknown option '--check-overdue'
error: unknown option '--check-overdue'
error: unknown option '--check-overdue'
error: unknown option '--check-overdue'
error: unknown option '--check-overdue'
error: unknown option '--check-overdue'
error: unknown option '--check-overdue'
error: unknown option '--check-overdue'
error: unknown option '--check-overdue'
error: unknown option '--check-overdue'
error: too many arguments for 'skills'. Expected 0 arguments but got 2.
error: unknown option '--check-overdue'
error: unknown option '--check-overdue'
error: too many arguments for 'skills'. Expected 0 arguments but got 2.
error: too many arguments for 'skills'. Expected 0 arguments but got 2.
error: unknown option '--check-overdue'
error: unknown option '--check-overdue'
error: unknown option '--check-overdue'
error: too many arguments for 'skills'. Expected 0 arguments but got 2.
error: unknown option '--check-overdue'
error: too many arguments for 'skills'. Expected 0 arguments but got 2.
error: unknown option '--check-overdue'
error: unknown option '--check-overdue'
error: unknown option '--check-overdue'
error: unknown option '--check-overdue'
error: too many arguments for 'skills'. Expected 0 arguments but got 2.
error: unknown option '--check-overdue'
error: unknown option '--check-overdue'
error: unknown option '--check-overdue'
error: unknown option '--check-overdue'
error: unknown option '--check-overdue'
error: too many arguments for 'skills'. Expected 0 arguments but got 2.
error: unknown option '--check-overdue'
error: unknown option '--check-overdue'
error: unknown option '--check-overdue'
error: unknown option '--check-overdue'
error: unknown option '--check-overdue'
error: too many arguments for 'skills'. Expected 0 arguments but got 2.
error: unknown option '--check-overdue'
error: unknown option '--check-overdue'
error: unknown option '--check-overdue'
error: unknown option '--check-overdue'
error: too many arguments for 'skills'. Expected 0 arguments but got 2.
error: unknown option '--check-overdue'
error: unknown option '--check-overdue'
error: too many arguments for 'skills'. Expected 0 arguments but got 2.
error: unknown option '--check-overdue'
error: unknown option '--check-overdue'
error: unknown option '--check-overdue'
error: unknown option '--check-overdue'
error: unknown option '--check-overdue'
error: unknown option '--check-overdue'
error: unknown option '--check-overdue'
error: unknown option '--check-overdue'
error: unknown option '--check-overdue'
error: unknown option '--check-overdue'
error: unknown option '--check-overdue'
error: unknown option '--check-overdue'
error: unknown option '--check-overdue'
error: unknown option '--check-overdue'
error: unknown option '--check-overdue'
error: too many arguments for 'skills'. Expected 0 arguments but got 2.
error: too many arguments for 'skills'. Expected 0 arguments but got 2.
error: unknown option '--check-overdue'
error: unknown option '--check-overdue'
error: unknown option '--check-overdue'
error: too many arguments for 'skills'. Expected 0 arguments but got 2.
error: unknown option '--check-overdue'
error: unknown option '--check-overdue'
error: unknown option '--check-overdue'
error: unknown option '--check-overdue'
error: unknown option '--check-overdue'
error: unknown option '--check-overdue'
error: too many arguments for 'skills'. Expected 0 arguments but got 2.
error: unknown option '--check-overdue'
error: unknown option '--check-overdue'
error: unknown option '--check-overdue'
error: unknown option '--check-overdue'
error: too many arguments for 'skills'. Expected 0 arguments but got 2.
error: unknown option '--check-overdue'
error: unknown option '--check-overdue'
error: unknown option '--check-overdue'
error: unknown option '--check-overdue'
error: too many arguments for 'skills'. Expected 0 arguments but got 2.
error: too many arguments for 'skills'. Expected 0 arguments but got 2.
error: unknown option '--check-overdue'
error: unknown option '--check-overdue'
error: unknown option '--check-overdue'
error: unknown option '--check-overdue'
error: unknown option '--check-overdue'
error: too many arguments for 'skills'. Expected 0 arguments but got 2.
error: unknown option '--check-overdue'
error: unknown option '--check-overdue'
error: unknown option '--check-overdue'
error: unknown option '--check-overdue'
error: unknown option '--check-overdue'
error: unknown option '--check-overdue'
error: unknown option '--check-overdue'
error: unknown option '--check-overdue'
📝 Content Pipeline Starting...

Loaded 14 content items

Found 0 threads to convert to blog posts
⏭️  Skipped newsletter (already generated for week of 2026-04-26)

📊 Content Pipeline Stats:
   Blog posts: 18
   Newsletters: 9

✨ Done! Next: Install blogwatcher + himalaya for full automation
(node:19036) [MODULE_TYPELESS_PACKAGE_JSON] Warning: Module type of file:///Users/aleckennedy/.openclaw/workspace/content-pipeline/generate.js is not specified and it doesn't parse as CommonJS.
Reparsing as ES module because module syntax was detected. This incurs a performance overhead.
To eliminate this warning, add "type": "module" to /Users/aleckennedy/.openclaw/workspace/package.json.
(Use `node --trace-warnings ...` to show where the warning was created)
error: unknown option '--check-overdue'
error: unknown option '--check-overdue'
error: unknown option '--check-overdue'
error: unknown option '--check-overdue'
error: too many arguments for 'skills'. Expected 0 arguments but got 2.
error: unknown option '--check-overdue'
error: unknown option '--check-overdue'
error: unknown option '--check-overdue'
error: unknown option '--check-overdue'
error: unknown option '--check-overdue'
error: unknown option '--check-overdue'
error: unknown option '--check-overdue'
error: unknown option '--check-overdue'
error: unknown option '--check-overdue'
error: unknown option '--check-overdue'
error: unknown option '--check-overdue'
error: unknown option '--check-overdue'
error: unknown option '--check-overdue'
error: unknown option '--check-overdue'
error: too many arguments for 'skills'. Expected 0 arguments but got 2.
error: unknown option '--check-overdue'
error: unknown option '--check-overdue'
error: unknown option '--check-overdue'
error: unknown option '--check-overdue'
error: unknown option '--check-overdue'
error: unknown option '--check-overdue'
error: too many arguments for 'skills'. Expected 0 arguments but got 2.
error: unknown option '--check-overdue'
error: unknown option '--check-overdue'
error: unknown option '--check-overdue'
error: too many arguments for 'skills'. Expected 0 arguments but got 2.
error: unknown option '--check-overdue'
error: unknown option '--check-overdue'
error: unknown option '--check-overdue'
error: unknown option '--check-overdue'
error: unknown option '--check-overdue'
error: unknown option '--check-overdue'
error: unknown option '--check-overdue'
error: unknown option '--check-overdue'
error: too many arguments for 'skills'. Expected 0 arguments but got 2.
error: too many arguments for 'skills'. Expected 0 arguments but got 2.
error: unknown option '--check-overdue'
error: unknown option '--check-overdue'
error: unknown option '--check-overdue'
error: too many arguments for 'skills'. Expected 0 arguments but got 2.
error: unknown option '--check-overdue'
error: unknown option '--check-overdue'
error: unknown option '--check-overdue'
error: unknown option '--check-overdue'
error: unknown option '--check-overdue'
error: unknown option '--check-overdue'
error: unknown option '--check-overdue'
error: too many arguments for 'skills'. Expected 0 arguments but got 2.
error: unknown option '--check-overdue'
error: unknown option '--check-overdue'
error: unknown option '--check-overdue'
error: unknown option '--check-overdue'
error: too many arguments for 'skills'. Expected 0 arguments but got 2.
error: unknown option '--check-overdue'
error: unknown option '--check-overdue'
error: unknown option '--check-overdue'
error: unknown option '--check-overdue'
error: unknown option '--check-overdue'
error: unknown option '--check-overdue'
error: unknown option '--check-overdue'
error: unknown option '--check-overdue'
error: unknown option '--check-overdue'
error: unknown option '--check-overdue'
error: unknown option '--check-overdue'
error: unknown option '--check-overdue'
error: unknown option '--check-overdue'
error: unknown option '--check-overdue'
error: too many arguments for 'skills'. Expected 0 arguments but got 2.
error: unknown option '--check-overdue'
error: unknown option '--check-overdue'
error: unknown option '--check-overdue'
error: unknown option '--check-overdue'
error: unknown option '--check-overdue'
error: unknown option '--check-overdue'
error: unknown option '--check-overdue'
error: unknown option '--check-overdue'
error: unknown option '--check-overdue'
error: unknown option '--check-overdue'
error: unknown option '--check-overdue'
error: unknown option '--check-overdue'
error: unknown option '--check-overdue'
error: unknown option '--check-overdue'
error: unknown option '--check-overdue'
error: unknown option '--check-overdue'
error: unknown option '--check-overdue'
error: unknown option '--check-overdue'
error: unknown option '--check-overdue'
error: unknown option '--check-overdue'
error: unknown option '--check-overdue'
error: unknown option '--check-overdue'
error: unknown option '--check-overdue'
error: too many arguments for 'skills'. Expected 0 arguments but got 2.
error: unknown option '--check-overdue'
error: unknown option '--check-overdue'
error: unknown option '--check-overdue'
error: unknown option '--check-overdue'
error: unknown option '--check-overdue'
error: unknown option '--check-overdue'
error: unknown option '--check-overdue'
error: unknown option '--check-overdue'
error: unknown option '--check-overdue'
error: unknown option '--check-overdue'
error: unknown option '--check-overdue'
error: too many arguments for 'skills'. Expected 0 arguments but got 2.
error: unknown option '--check-overdue'
error: unknown option '--check-overdue'
error: unknown option '--check-overdue'
error: unknown option '--check-overdue'
error: too many arguments for 'skills'. Expected 0 arguments but got 2.
error: unknown option '--check-overdue'
error: unknown option '--check-overdue'
error: unknown option '--check-overdue'
error: unknown option '--check-overdue'
error: unknown option '--check-overdue'
error: unknown option '--check-overdue'
error: unknown option '--check-overdue'
error: unknown option '--check-overdue'
error: unknown option '--check-overdue'
error: unknown option '--check-overdue'
error: unknown option '--check-overdue'
error: unknown option '--check-overdue'
error: too many arguments for 'skills'. Expected 0 arguments but got 2.
error: unknown option '--check-overdue'
error: unknown option '--check-overdue'
error: unknown option '--check-overdue'
error: unknown option '--check-overdue'
OpenClaw does not recognize option "--check-overdue".
Try: openclaw skills run --help
OpenClaw does not recognize option "--check-overdue".
Try: openclaw skills run --help
OpenClaw does not recognize option "--check-overdue".
Try: openclaw skills run --help
OpenClaw does not recognize option "--check-overdue".
Try: openclaw skills run --help
OpenClaw does not recognize option "--check-overdue".
Try: openclaw skills run --help
OpenClaw does not recognize option "--check-overdue".
Try: openclaw skills run --help
OpenClaw does not recognize option "--check-overdue".
Try: openclaw skills run --help
Too many arguments for this command.
Try: openclaw skills run --help
OpenClaw does not recognize option "--check-overdue".
Try: openclaw skills run --help
OpenClaw does not recognize option "--check-overdue".
Try: openclaw skills run --help
OpenClaw does not recognize option "--check-overdue".
Try: openclaw skills run --help
OpenClaw does not recognize option "--check-overdue".
Try: openclaw skills run --help
OpenClaw does not recognize option "--check-overdue".
Try: openclaw skills run --help
OpenClaw does not recognize option "--check-overdue".
Try: openclaw skills run --help
OpenClaw does not recognize option "--check-overdue".
Try: openclaw skills run --help
OpenClaw does not recognize option "--check-overdue".
Try: openclaw skills run --help
Too many arguments for this command.
Try: openclaw skills run --help
OpenClaw does not recognize option "--check-overdue".
Try: openclaw skills run --help
OpenClaw does not recognize option "--check-overdue".
Try: openclaw skills run --help
OpenClaw does not recognize option "--check-overdue".
Try: openclaw skills run --help
OpenClaw does not recognize option "--check-overdue".
Try: openclaw skills run --help
OpenClaw does not recognize option "--check-overdue".
Try: openclaw skills run --help
OpenClaw does not recognize option "--check-overdue".
Try: openclaw skills run --help
OpenClaw does not recognize option "--check-overdue".
Try: openclaw skills run --help
OpenClaw does not recognize option "--check-overdue".
Try: openclaw skills run --help
OpenClaw does not recognize option "--check-overdue".
Try: openclaw skills run --help
OpenClaw does not recognize option "--check-overdue".
Try: openclaw skills run --help
OpenClaw does not recognize option "--check-overdue".
Try: openclaw skills run --help
OpenClaw does not recognize option "--check-overdue".
Try: openclaw skills run --help
OpenClaw does not recognize option "--check-overdue".
Try: openclaw skills run --help
OpenClaw does not recognize option "--check-overdue".
Try: openclaw skills run --help
OpenClaw does not recognize option "--check-overdue".
Try: openclaw skills run --help
OpenClaw does not recognize option "--check-overdue".
Try: openclaw skills run --help
Too many arguments for this command.
Try: openclaw skills run --help
OpenClaw does not recognize option "--check-overdue".
Try: openclaw skills run --help
OpenClaw does not recognize option "--check-overdue".
Try: openclaw skills run --help
📝 Content Pipeline Starting...

Loaded 14 content items

Found 0 threads to convert to blog posts
✅ Generated newsletter: newsletter-2026-05-17.md

📊 Content Pipeline Stats:
   Blog posts: 18
   Newsletters: 11

✨ Done! Next: Install blogwatcher + himalaya for full automation
(node:44508) [MODULE_TYPELESS_PACKAGE_JSON] Warning: Module type of file:///Users/aleckennedy/.openclaw/workspace/content-pipeline/generate.js is not specified and it doesn't parse as CommonJS.
Reparsing as ES module because module syntax was detected. This incurs a performance overhead.
To eliminate this warning, add "type": "module" to /Users/aleckennedy/.openclaw/workspace/package.json.
(Use `node --trace-warnings ...` to show where the warning was created)
OpenClaw does not recognize option "--check-overdue".
Try: openclaw skills run --help
Too many arguments for this command.
Try: openclaw skills run --help
OpenClaw does not recognize option "--check-overdue".
Try: openclaw skills run --help
OpenClaw does not recognize option "--check-overdue".
Try: openclaw skills run --help
Too many arguments for this command.
Try: openclaw skills run --help
OpenClaw does not recognize option "--check-overdue".
Try: openclaw skills run --help
OpenClaw does not recognize option "--check-overdue".
Try: openclaw skills run --help
OpenClaw does not recognize option "--check-overdue".
Try: openclaw skills run --help
Too many arguments for this command.
Try: openclaw skills run --help
OpenClaw does not recognize option "--check-overdue".
Try: openclaw skills run --help
OpenClaw does not recognize option "--check-overdue".
Try: openclaw skills run --help
OpenClaw does not recognize option "--check-overdue".
Try: openclaw skills run --help
OpenClaw does not recognize option "--check-overdue".
Try: openclaw skills run --help
OpenClaw does not recognize option "--check-overdue".
Try: openclaw skills run --help
OpenClaw does not recognize option "--check-overdue".
Try: openclaw skills run --help
OpenClaw does not recognize option "--check-overdue".
Try: openclaw skills run --help
OpenClaw does not recognize option "--check-overdue".
Try: openclaw skills run --help
OpenClaw does not recognize option "--check-overdue".
Try: openclaw skills run --help
Too many arguments for this command.
Try: openclaw skills run --help
OpenClaw does not recognize option "--check-overdue".
Try: openclaw skills run --help
OpenClaw does not recognize option "--check-overdue".
Try: openclaw skills run --help
OpenClaw does not recognize option "--check-overdue".
Try: openclaw skills run --help
OpenClaw does not recognize option "--check-overdue".
Try: openclaw skills run --help
Too many arguments for this command.
Try: openclaw skills run --help
OpenClaw does not recognize option "--check-overdue".
Try: openclaw skills run --help
OpenClaw does not recognize option "--check-overdue".
Try: openclaw skills run --help
OpenClaw does not recognize option "--check-overdue".
Try: openclaw skills run --help
OpenClaw does not recognize option "--check-overdue".
Try: openclaw skills run --help
OpenClaw does not recognize option "--check-overdue".
Try: openclaw skills run --help
OpenClaw does not recognize option "--check-overdue".
Try: openclaw skills run --help
OpenClaw does not recognize option "--check-overdue".
Try: openclaw skills run --help
OpenClaw does not recognize option "--check-overdue".
Try: openclaw skills run --help
OpenClaw does not recognize option "--check-overdue".
Try: openclaw skills run --help
OpenClaw does not recognize option "--check-overdue".
Try: openclaw skills run --help
Too many arguments for this command.
Try: openclaw skills run --help
OpenClaw does not recognize option "--check-overdue".
Try: openclaw skills run --help
OpenClaw does not recognize option "--check-overdue".
Try: openclaw skills run --help
Too many arguments for this command.
Try: openclaw skills run --help
OpenClaw does not recognize option "--check-overdue".
Try: openclaw skills run --help
OpenClaw does not recognize option "--check-overdue".
Try: openclaw skills run --help
OpenClaw does not recognize option "--check-overdue".
Try: openclaw skills run --help
OpenClaw does not recognize option "--check-overdue".
Try: openclaw skills run --help
OpenClaw does not recognize option "--check-overdue".
Try: openclaw skills run --help
OpenClaw does not recognize option "--check-overdue".
Try: openclaw skills run --help
Too many arguments for this command.
Try: openclaw skills run --help
OpenClaw does not recognize option "--check-overdue".
Try: openclaw skills run --help
OpenClaw does not recognize option "--check-overdue".
Try: openclaw skills run --help
OpenClaw does not recognize option "--check-overdue".
Try: openclaw skills run --help
OpenClaw does not recognize option "--check-overdue".
Try: openclaw skills run --help
Too many arguments for this command.
Try: openclaw skills run --help
OpenClaw does not recognize option "--check-overdue".
Try: openclaw skills run --help
OpenClaw does not recognize option "--check-overdue".
Try: openclaw skills run --help
OpenClaw does not recognize option "--check-overdue".
Try: openclaw skills run --help
OpenClaw does not recognize option "--check-overdue".
Try: openclaw skills run --help
OpenClaw does not recognize option "--check-overdue".
Try: openclaw skills run --help
OpenClaw does not recognize option "--check-overdue".
Try: openclaw skills run --help
OpenClaw does not recognize option "--check-overdue".
Try: openclaw skills run --help
OpenClaw does not recognize option "--check-overdue".
Try: openclaw skills run --help
OpenClaw does not recognize option "--check-overdue".
Try: openclaw skills run --help
OpenClaw does not recognize option "--check-overdue".
Try: openclaw skills run --help
OpenClaw does not recognize option "--check-overdue".
Try: openclaw skills run --help
OpenClaw does not recognize option "--check-overdue".
Try: openclaw skills run --help
OpenClaw does not recognize option "--check-overdue".
Try: openclaw skills run --help
Too many arguments for this command.
Try: openclaw skills run --help
OpenClaw does not recognize option "--check-overdue".
Try: openclaw skills run --help
OpenClaw does not recognize option "--check-overdue".
Try: openclaw skills run --help
OpenClaw does not recognize option "--check-overdue".
Try: openclaw skills run --help
OpenClaw does not recognize option "--check-overdue".
Try: openclaw skills run --help
OpenClaw does not recognize option "--check-overdue".
Try: openclaw skills run --help
OpenClaw does not recognize option "--check-overdue".
Try: openclaw skills run --help
OpenClaw does not recognize option "--check-overdue".
Try: openclaw skills run --help
OpenClaw does not recognize option "--check-overdue".
Try: openclaw skills run --help
OpenClaw does not recognize option "--check-overdue".
Try: openclaw skills run --help
OpenClaw does not recognize option "--check-overdue".
Try: openclaw skills run --help
OpenClaw does not recognize option "--check-overdue".
Try: openclaw skills run --help
OpenClaw does not recognize option "--check-overdue".
Try: openclaw skills run --help
OpenClaw does not recognize option "--check-overdue".
Try: openclaw skills run --help
OpenClaw does not recognize option "--check-overdue".
Try: openclaw skills run --help
OpenClaw does not recognize option "--check-overdue".
Try: openclaw skills run --help
OpenClaw does not recognize option "--check-overdue".
Try: openclaw skills run --help
OpenClaw does not recognize option "--check-overdue".
Try: openclaw skills run --help
OpenClaw does not recognize option "--check-overdue".
Try: openclaw skills run --help
OpenClaw does not recognize option "--check-overdue".
Try: openclaw skills run --help
OpenClaw does not recognize option "--check-overdue".
Try: openclaw skills run --help
OpenClaw does not recognize option "--check-overdue".
Try: openclaw skills run --help
Too many arguments for this command.
Try: openclaw skills run --help
OpenClaw does not recognize option "--check-overdue".
Try: openclaw skills run --help
OpenClaw does not recognize option "--check-overdue".
Try: openclaw skills run --help
OpenClaw does not recognize option "--check-overdue".
Try: openclaw skills run --help
OpenClaw does not recognize option "--check-overdue".
Try: openclaw skills run --help
OpenClaw does not recognize option "--check-overdue".
Try: openclaw skills run --help
OpenClaw does not recognize option "--check-overdue".
Try: openclaw skills run --help
OpenClaw does not recognize option "--check-overdue".
Try: openclaw skills run --help
Too many arguments for this command.
Try: openclaw skills run --help
OpenClaw does not recognize option "--check-overdue".
Try: openclaw skills run --help
OpenClaw does not recognize option "--check-overdue".
Try: openclaw skills run --help
OpenClaw does not recognize option "--check-overdue".
Try: openclaw skills run --help
OpenClaw does not recognize option "--check-overdue".
Try: openclaw skills run --help
OpenClaw does not recognize option "--check-overdue".
Try: openclaw skills run --help
OpenClaw does not recognize option "--check-overdue".
Try: openclaw skills run --help
OpenClaw does not recognize option "--check-overdue".
Try: openclaw skills run --help
📝 Content Pipeline Starting...

Loaded 14 content items

Found 0 threads to convert to blog posts
✅ Generated newsletter: newsletter-2026-05-24.md

📊 Content Pipeline Stats:
   Blog posts: 18
   Newsletters: 12

✨ Done! Next: Install blogwatcher + himalaya for full automation
(node:51986) [MODULE_TYPELESS_PACKAGE_JSON] Warning: Module type of file:///Users/aleckennedy/.openclaw/workspace/content-pipeline/generate.js is not specified and it doesn't parse as CommonJS.
Reparsing as ES module because module syntax was detected. This incurs a performance overhead.
To eliminate this warning, add "type": "module" to /Users/aleckennedy/.openclaw/workspace/package.json.
(Use `node --trace-warnings ...` to show where the warning was created)
OpenClaw does not recognize option "--check-overdue".
Try: openclaw skills run --help
Too many arguments for this command.
Try: openclaw skills run --help
OpenClaw does not recognize option "--check-overdue".
Try: openclaw skills run --help
OpenClaw does not recognize option "--check-overdue".
Try: openclaw skills run --help
OpenClaw does not recognize option "--check-overdue".
Try: openclaw skills run --help
OpenClaw does not recognize option "--check-overdue".
Try: openclaw skills run --help
OpenClaw does not recognize option "--check-overdue".
Try: openclaw skills run --help
OpenClaw does not recognize option "--check-overdue".
Try: openclaw skills run --help
📝 Content Pipeline Starting...

Loaded 14 content items

Found 0 threads to convert to blog posts
⏭️  Skipped newsletter (already generated for week of 2026-05-24)

📊 Content Pipeline Stats:
   Blog posts: 18
   Newsletters: 12

✨ Done! Next: Install blogwatcher + himalaya for full automation
(node:68922) [MODULE_TYPELESS_PACKAGE_JSON] Warning: Module type of file:///Users/aleckennedy/.openclaw/workspace/content-pipeline/generate.js is not specified and it doesn't parse as CommonJS.
Reparsing as ES module because module syntax was detected. This incurs a performance overhead.
To eliminate this warning, add "type": "module" to /Users/aleckennedy/.openclaw/workspace/package.json.
(Use `node --trace-warnings ...` to show where the warning was created)
OpenClaw does not recognize option "--check-overdue".
Try: openclaw skills run --help
Too many arguments for this command.
Try: openclaw skills run --help
OpenClaw does not recognize option "--check-overdue".
Try: openclaw skills run --help
OpenClaw does not recognize option "--check-overdue".
Try: openclaw skills run --help
OpenClaw does not recognize option "--check-overdue".
Try: openclaw skills run --help
Too many arguments for this command.
Try: openclaw skills run --help
OpenClaw does not recognize option "--check-overdue".
Try: openclaw skills run --help
OpenClaw does not recognize option "--check-overdue".
Try: openclaw skills run --help
OpenClaw does not recognize option "--check-overdue".
Try: openclaw skills run --help
OpenClaw does not recognize option "--check-overdue".
Try: openclaw skills run --help
OpenClaw does not recognize option "--check-overdue".
Try: openclaw skills run --help
OpenClaw does not recognize option "--check-overdue".
Try: openclaw skills run --help
OpenClaw does not recognize option "--check-overdue".
Try: openclaw skills run --help
OpenClaw does not recognize option "--check-overdue".
Try: openclaw skills run --help
OpenClaw does not recognize option "--check-overdue".
Try: openclaw skills run --help
OpenClaw does not recognize option "--check-overdue".
Try: openclaw skills run --help
Too many arguments for this command.
Try: openclaw skills run --help
OpenClaw does not recognize option "--check-overdue".
Try: openclaw skills run --help
OpenClaw does not recognize option "--check-overdue".
Try: openclaw skills run --help
OpenClaw does not recognize option "--check-overdue".
Try: openclaw skills run --help
OpenClaw does not recognize option "--check-overdue".
Try: openclaw skills run --help
OpenClaw does not recognize option "--check-overdue".
Try: openclaw skills run --help
OpenClaw does not recognize option "--check-overdue".
Try: openclaw skills run --help
Too many arguments for this command.
Try: openclaw skills run --help
OpenClaw does not recognize option "--check-overdue".
Try: openclaw skills run --help
OpenClaw does not recognize option "--check-overdue".
Try: openclaw skills run --help
Too many arguments for this command.
Try: openclaw skills run --help
Too many arguments for this command.
Try: openclaw skills run --help
OpenClaw does not recognize option "--check-overdue".
Try: openclaw skills run --help
OpenClaw does not recognize option "--check-overdue".
Try: openclaw skills run --help
OpenClaw does not recognize option "--check-overdue".
Try: openclaw skills run --help
OpenClaw does not recognize option "--check-overdue".
Try: openclaw skills run --help
OpenClaw does not recognize option "--check-overdue".
Try: openclaw skills run --help
OpenClaw does not recognize option "--check-overdue".
Try: openclaw skills run --help
OpenClaw does not recognize option "--check-overdue".
Try: openclaw skills run --help
Too many arguments for this command.
Try: openclaw skills run --help
OpenClaw does not recognize option "--check-overdue".
Try: openclaw skills run --help
Too many arguments for this command.
Try: openclaw skills run --help
OpenClaw does not recognize option "--check-overdue".
Try: openclaw skills run --help
OpenClaw does not recognize option "--check-overdue".
Try: openclaw skills run --help
OpenClaw does not recognize option "--check-overdue".
Try: openclaw skills run --help
OpenClaw does not recognize option "--check-overdue".
Try: openclaw skills run --help
OpenClaw does not recognize option "--check-overdue".
Try: openclaw skills run --help
OpenClaw does not recognize option "--check-overdue".
Try: openclaw skills run --help
OpenClaw does not recognize option "--check-overdue".
Try: openclaw skills run --help
OpenClaw does not recognize option "--check-overdue".
Try: openclaw skills run --help
OpenClaw does not recognize option "--check-overdue".
Try: openclaw skills run --help
OpenClaw does not recognize option "--check-overdue".
Try: openclaw skills run --help
Too many arguments for this command.
Try: openclaw skills run --help
OpenClaw does not recognize option "--check-overdue".
Try: openclaw skills run --help
OpenClaw does not recognize option "--check-overdue".
Try: openclaw skills run --help
OpenClaw does not recognize option "--check-overdue".
Try: openclaw skills run --help
OpenClaw does not recognize option "--check-overdue".
Try: openclaw skills run --help
Too many arguments for this command.
Try: openclaw skills run --help
OpenClaw does not recognize option "--check-overdue".
Try: openclaw skills run --help
OpenClaw does not recognize option "--check-overdue".
Try: openclaw skills run --help
OpenClaw does not recognize option "--check-overdue".
Try: openclaw skills run --help
OpenClaw does not recognize option "--check-overdue".
Try: openclaw skills run --help
OpenClaw does not recognize option "--check-overdue".
Try: openclaw skills run --help
OpenClaw does not recognize option "--check-overdue".
Try: openclaw skills run --help
OpenClaw does not recognize option "--check-overdue".
Try: openclaw skills run --help
OpenClaw does not recognize option "--check-overdue".
Try: openclaw skills run --help
OpenClaw does not recognize option "--check-overdue".
Try: openclaw skills run --help
OpenClaw does not recognize option "--check-overdue".
Try: openclaw skills run --help
OpenClaw does not recognize option "--check-overdue".
Try: openclaw skills run --help
📝 Content Pipeline Starting...

Loaded 14 content items

Found 0 threads to convert to blog posts
✅ Generated newsletter: newsletter-2026-05-31.md

📊 Content Pipeline Stats:
   Blog posts: 18
   Newsletters: 13

✨ Done! Next: Install blogwatcher + himalaya for full automation
(node:60968) [MODULE_TYPELESS_PACKAGE_JSON] Warning: Module type of file:///Users/aleckennedy/.openclaw/workspace/content-pipeline/generate.js is not specified and it doesn't parse as CommonJS.
Reparsing as ES module because module syntax was detected. This incurs a performance overhead.
To eliminate this warning, add "type": "module" to /Users/aleckennedy/.openclaw/workspace/package.json.
(Use `node --trace-warnings ...` to show where the warning was created)
OpenClaw does not recognize option "--check-overdue".
Try: openclaw skills run --help
Too many arguments for this command.
Try: openclaw skills run --help
OpenClaw does not recognize option "--check-overdue".
Try: openclaw skills run --help
Too many arguments for this command.
Try: openclaw skills run --help
OpenClaw does not recognize option "--check-overdue".
Try: openclaw skills run --help
OpenClaw does not recognize option "--check-overdue".
Try: openclaw skills run --help
OpenClaw does not recognize option "--check-overdue".
Try: openclaw skills run --help
OpenClaw does not recognize option "--check-overdue".
Try: openclaw skills run --help
Too many arguments for this command.
Try: openclaw skills run --help
OpenClaw does not recognize option "--check-overdue".
Try: openclaw skills run --help
OpenClaw does not recognize option "--check-overdue".
Try: openclaw skills run --help
OpenClaw does not recognize option "--check-overdue".
Try: openclaw skills run --help
OpenClaw does not recognize option "--check-overdue".
Try: openclaw skills run --help
OpenClaw does not recognize option "--check-overdue".
Try: openclaw skills run --help
OpenClaw does not recognize option "--check-overdue".
Try: openclaw skills run --help
OpenClaw does not recognize option "--check-overdue".
Try: openclaw skills run --help
OpenClaw does not recognize option "--check-overdue".
Try: openclaw skills run --help
OpenClaw does not recognize option "--check-overdue".
Try: openclaw skills run --help
OpenClaw does not recognize option "--check-overdue".
Try: openclaw skills run --help
OpenClaw does not recognize option "--check-overdue".
Try: openclaw skills run --help
OpenClaw does not recognize option "--check-overdue".
Try: openclaw skills run --help
OpenClaw does not recognize option "--check-overdue".
Try: openclaw skills run --help
OpenClaw does not recognize option "--check-overdue".
Try: openclaw skills run --help
📝 Content Pipeline Starting...

Loaded 14 content items

Found 0 threads to convert to blog posts
⏭️  Skipped newsletter (already generated for week of 2026-05-31)

📊 Content Pipeline Stats:
   Blog posts: 18
   Newsletters: 13

✨ Done! Next: Install blogwatcher + himalaya for full automation
(node:11897) [MODULE_TYPELESS_PACKAGE_JSON] Warning: Module type of file:///Users/aleckennedy/.openclaw/workspace/content-pipeline/generate.js is not specified and it doesn't parse as CommonJS.
Reparsing as ES module because module syntax was detected. This incurs a performance overhead.
To eliminate this warning, add "type": "module" to /Users/aleckennedy/.openclaw/workspace/package.json.
(Use `node --trace-warnings ...` to show where the warning was created)
OpenClaw does not recognize option "--check-overdue".
Try: openclaw skills run --help
Too many arguments for this command.
Try: openclaw skills run --help
OpenClaw does not recognize option "--check-overdue".
Try: openclaw skills run --help
OpenClaw does not recognize option "--check-overdue".
Try: openclaw skills run --help
OpenClaw does not recognize option "--check-overdue".
Try: openclaw skills run --help
Too many arguments for this command.
Try: openclaw skills run --help
OpenClaw does not recognize option "--check-overdue".
Try: openclaw skills run --help
OpenClaw does not recognize option "--check-overdue".
Try: openclaw skills run --help
OpenClaw does not recognize option "--check-overdue".
Try: openclaw skills run --help
OpenClaw does not recognize option "--check-overdue".
Try: openclaw skills run --help
OpenClaw does not recognize option "--check-overdue".
Try: openclaw skills run --help
OpenClaw does not recognize option "--check-overdue".
Try: openclaw skills run --help
OpenClaw does not recognize option "--check-overdue".
Try: openclaw skills run --help
OpenClaw does not recognize option "--check-overdue".
Try: openclaw skills run --help
OpenClaw does not recognize option "--check-overdue".
Try: openclaw skills run --help
OpenClaw does not recognize option "--check-overdue".
Try: openclaw skills run --help
OpenClaw does not recognize option "--check-overdue".
Try: openclaw skills run --help
OpenClaw does not recognize option "--check-overdue".
Try: openclaw skills run --help
OpenClaw does not recognize option "--check-overdue".
Try: openclaw skills run --help
OpenClaw does not recognize option "--check-overdue".
Try: openclaw skills run --help
OpenClaw does not recognize option "--check-overdue".
Try: openclaw skills run --help
OpenClaw does not recognize option "--check-overdue".
Try: openclaw skills run --help
Too many arguments for this command.
Try: openclaw skills run --help
OpenClaw does not recognize option "--check-overdue".
Try: openclaw skills run --help
OpenClaw does not recognize option "--check-overdue".
Try: openclaw skills run --help
📝 Content Pipeline Starting...

Loaded 14 content items

Found 0 threads to convert to blog posts
⏭️  Skipped newsletter (already generated for week of 2026-05-31)

📊 Content Pipeline Stats:
   Blog posts: 18
   Newsletters: 13

✨ Done! Next: Install blogwatcher + himalaya for full automation
(node:77681) [MODULE_TYPELESS_PACKAGE_JSON] Warning: Module type of file:///Users/aleckennedy/.openclaw/workspace/content-pipeline/generate.js is not specified and it doesn't parse as CommonJS.
Reparsing as ES module because module syntax was detected. This incurs a performance overhead.
To eliminate this warning, add "type": "module" to /Users/aleckennedy/.openclaw/workspace/package.json.
(Use `node --trace-warnings ...` to show where the warning was created)
OpenClaw does not recognize option "--check-overdue".
Try: openclaw skills run --help
Too many arguments for this command.
Try: openclaw skills run --help
OpenClaw does not recognize option "--check-overdue".
Try: openclaw skills run --help
Too many arguments for this command.
Try: openclaw skills run --help
OpenClaw does not recognize option "--check-overdue".
Try: openclaw skills run --help
OpenClaw does not recognize option "--check-overdue".
Try: openclaw skills run --help
OpenClaw does not recognize option "--check-overdue".
Try: openclaw skills run --help
Too many arguments for this command.
Try: openclaw skills run --help
OpenClaw does not recognize option "--check-overdue".
Try: openclaw skills run --help
OpenClaw does not recognize option "--check-overdue".
Try: openclaw skills run --help
OpenClaw does not recognize option "--check-overdue".
Try: openclaw skills run --help
OpenClaw does not recognize option "--check-overdue".
Try: openclaw skills run --help
OpenClaw does not recognize option "--check-overdue".
Try: openclaw skills run --help
Too many arguments for this command.
Try: openclaw skills run --help
OpenClaw does not recognize option "--check-overdue".
Try: openclaw skills run --help
OpenClaw does not recognize option "--check-overdue".
Try: openclaw skills run --help
Too many arguments for this command.
Try: openclaw skills run --help
OpenClaw does not recognize option "--check-overdue".
Try: openclaw skills run --help
OpenClaw does not recognize option "--check-overdue".
Try: openclaw skills run --help
OpenClaw does not recognize option "--check-overdue".
Try: openclaw skills run --help
OpenClaw does not recognize option "--check-overdue".
Try: openclaw skills run --help
OpenClaw does not recognize option "--check-overdue".
Try: openclaw skills run --help
OpenClaw does not recognize option "--check-overdue".
Try: openclaw skills run --help
OpenClaw does not recognize option "--check-overdue".
Try: openclaw skills run --help
OpenClaw does not recognize option "--check-overdue".
Try: openclaw skills run --help
OpenClaw does not recognize option "--check-overdue".
Try: openclaw skills run --help
Too many arguments for this command.
Try: openclaw skills run --help
OpenClaw does not recognize option "--check-overdue".
Try: openclaw skills run --help
OpenClaw does not recognize option "--check-overdue".
Try: openclaw skills run --help
OpenClaw does not recognize option "--check-overdue".
Try: openclaw skills run --help
OpenClaw does not recognize option "--check-overdue".
Try: openclaw skills run --help
OpenClaw does not recognize option "--check-overdue".
Try: openclaw skills run --help
OpenClaw does not recognize option "--check-overdue".
Try: openclaw skills run --help
OpenClaw does not recognize option "--check-overdue".
Try: openclaw skills run --help
OpenClaw does not recognize option "--check-overdue".
Try: openclaw skills run --help
OpenClaw does not recognize option "--check-overdue".
Try: openclaw skills run --help
📝 Content Pipeline Starting...

Loaded 14 content items

Found 0 threads to convert to blog posts
✅ Generated newsletter: newsletter-2026-06-07.md

📊 Content Pipeline Stats:
   Blog posts: 18
   Newsletters: 14

✨ Done! Next: Install blogwatcher + himalaya for full automation
(node:63035) [MODULE_TYPELESS_PACKAGE_JSON] Warning: Module type of file:///Users/aleckennedy/.openclaw/workspace/content-pipeline/generate.js is not specified and it doesn't parse as CommonJS.
Reparsing as ES module because module syntax was detected. This incurs a performance overhead.
To eliminate this warning, add "type": "module" to /Users/aleckennedy/.openclaw/workspace/package.json.
(Use `node --trace-warnings ...` to show where the warning was created)
OpenClaw does not recognize option "--check-overdue".
Try: openclaw skills run --help
OpenClaw does not recognize option "--check-overdue".
Try: openclaw skills run --help
OpenClaw does not recognize option "--check-overdue".
Try: openclaw skills run --help
Too many arguments for this command.
Try: openclaw skills run --help
OpenClaw does not recognize option "--check-overdue".
Try: openclaw skills run --help
OpenClaw does not recognize option "--check-overdue".
Try: openclaw skills run --help
OpenClaw does not recognize option "--check-overdue".
Try: openclaw skills run --help
OpenClaw does not recognize option "--check-overdue".
Try: openclaw skills run --help
Too many arguments for this command.
Try: openclaw skills run --help
OpenClaw does not recognize option "--check-overdue".
Try: openclaw skills run --help
OpenClaw does not recognize option "--check-overdue".
Try: openclaw skills run --help
OpenClaw does not recognize option "--check-overdue".
Try: openclaw skills run --help
OpenClaw does not recognize option "--check-overdue".
Try: openclaw skills run --help
Too many arguments for this command.
Try: openclaw skills run --help
OpenClaw does not recognize option "--check-overdue".
Try: openclaw skills run --help
OpenClaw does not recognize option "--check-overdue".
Try: openclaw skills run --help
Too many arguments for this command.
Try: openclaw skills run --help
OpenClaw does not recognize option "--check-overdue".
Try: openclaw skills run --help
OpenClaw does not recognize option "--check-overdue".
Try: openclaw skills run --help
OpenClaw does not recognize option "--check-overdue".
Try: openclaw skills run --help
OpenClaw does not recognize option "--check-overdue".
Try: openclaw skills run --help
OpenClaw does not recognize option "--check-overdue".
Try: openclaw skills run --help
OpenClaw does not recognize option "--check-overdue".
Try: openclaw skills run --help
OpenClaw does not recognize option "--check-overdue".
Try: openclaw skills run --help
OpenClaw does not recognize option "--check-overdue".
Try: openclaw skills run --help
OpenClaw does not recognize option "--check-overdue".
Try: openclaw skills run --help
OpenClaw does not recognize option "--check-overdue".
Try: openclaw skills run --help
OpenClaw does not recognize option "--check-overdue".
Try: openclaw skills run --help
OpenClaw does not recognize option "--check-overdue".
Try: openclaw skills run --help
OpenClaw does not recognize option "--check-overdue".
Try: openclaw skills run --help
OpenClaw does not recognize option "--check-overdue".
Try: openclaw skills run --help
OpenClaw does not recognize option "--check-overdue".
Try: openclaw skills run --help
OpenClaw does not recognize option "--check-overdue".
Try: openclaw skills run --help
Too many arguments for this command.
Try: openclaw skills run --help
OpenClaw does not recognize option "--check-overdue".
Try: openclaw skills run --help
OpenClaw does not recognize option "--check-overdue".
Try: openclaw skills run --help
📝 Content Pipeline Starting...

Loaded 14 content items

Found 0 threads to convert to blog posts
⏭️  Skipped newsletter (already generated for week of 2026-06-07)

📊 Content Pipeline Stats:
   Blog posts: 18
   Newsletters: 14

✨ Done! Next: Install blogwatcher + himalaya for full automation
(node:66160) [MODULE_TYPELESS_PACKAGE_JSON] Warning: Module type of file:///Users/aleckennedy/.openclaw/workspace/content-pipeline/generate.js is not specified and it doesn't parse as CommonJS.
Reparsing as ES module because module syntax was detected. This incurs a performance overhead.
To eliminate this warning, add "type": "module" to /Users/aleckennedy/.openclaw/workspace/package.json.
(Use `node --trace-warnings ...` to show where the warning was created)
OpenClaw does not recognize option "--check-overdue".
Try: openclaw skills run --help
OpenClaw does not recognize option "--check-overdue".
Try: openclaw skills run --help
Too many arguments for this command.
Try: openclaw skills run --help
OpenClaw does not recognize option "--check-overdue".
Try: openclaw skills run --help
Too many arguments for this command.
Try: openclaw skills run --help
OpenClaw does not recognize option "--check-overdue".
Try: openclaw skills run --help
OpenClaw does not recognize option "--check-overdue".
Try: openclaw skills run --help
OpenClaw does not recognize option "--check-overdue".
Try: openclaw skills run --help
Too many arguments for this command.
Try: openclaw skills run --help
OpenClaw does not recognize option "--check-overdue".
Try: openclaw skills run --help
OpenClaw does not recognize option "--check-overdue".
Try: openclaw skills run --help
OpenClaw does not recognize option "--check-overdue".
Try: openclaw skills run --help
OpenClaw does not recognize option "--check-overdue".
Try: openclaw skills run --help
OpenClaw does not recognize option "--check-overdue".
Try: openclaw skills run --help
OpenClaw does not recognize option "--check-overdue".
Try: openclaw skills run --help
OpenClaw does not recognize option "--check-overdue".
Try: openclaw skills run --help
OpenClaw does not recognize option "--check-overdue".
Try: openclaw skills run --help
OpenClaw does not recognize option "--check-overdue".
Try: openclaw skills run --help
OpenClaw does not recognize option "--check-overdue".
Try: openclaw skills run --help
OpenClaw does not recognize option "--check-overdue".
Try: openclaw skills run --help
OpenClaw does not recognize option "--check-overdue".
Try: openclaw skills run --help
OpenClaw does not recognize option "--check-overdue".
Try: openclaw skills run --help
OpenClaw does not recognize option "--check-overdue".
Try: openclaw skills run --help
OpenClaw does not recognize option "--check-overdue".
Try: openclaw skills run --help
OpenClaw does not recognize option "--check-overdue".
Try: openclaw skills run --help
OpenClaw does not recognize option "--check-overdue".
Try: openclaw skills run --help
OpenClaw does not recognize option "--check-overdue".
Try: openclaw skills run --help
OpenClaw does not recognize option "--check-overdue".
Try: openclaw skills run --help
OpenClaw does not recognize option "--check-overdue".
Try: openclaw skills run --help
OpenClaw does not recognize option "--check-overdue".
Try: openclaw skills run --help
Too many arguments for this command.
Try: openclaw skills run --help
OpenClaw does not recognize option "--check-overdue".
Try: openclaw skills run --help
OpenClaw does not recognize option "--check-overdue".
Try: openclaw skills run --help
OpenClaw does not recognize option "--check-overdue".
Try: openclaw skills run --help
OpenClaw does not recognize option "--check-overdue".
Try: openclaw skills run --help
OpenClaw does not recognize option "--check-overdue".
Try: openclaw skills run --help
OpenClaw does not recognize option "--check-overdue".
Try: openclaw skills run --help
OpenClaw does not recognize option "--check-overdue".
Try: openclaw skills run --help
OpenClaw does not recognize option "--check-overdue".
Try: openclaw skills run --help
OpenClaw does not recognize option "--check-overdue".
Try: openclaw skills run --help
OpenClaw does not recognize option "--check-overdue".
Try: openclaw skills run --help
OpenClaw does not recognize option "--check-overdue".
Try: openclaw skills run --help
OpenClaw does not recognize option "--check-overdue".
Try: openclaw skills run --help
OpenClaw does not recognize option "--check-overdue".
Try: openclaw skills run --help
OpenClaw does not recognize option "--check-overdue".
Try: openclaw skills run --help
OpenClaw does not recognize option "--check-overdue".
Try: openclaw skills run --help
OpenClaw does not recognize option "--check-overdue".
Try: openclaw skills run --help
Too many arguments for this command.
Try: openclaw skills run --help
OpenClaw does not recognize option "--check-overdue".
Try: openclaw skills run --help
OpenClaw does not recognize option "--check-overdue".
Try: openclaw skills run --help
OpenClaw does not recognize option "--check-overdue".
Try: openclaw skills run --help
OpenClaw does not recognize option "--check-overdue".
Try: openclaw skills run --help
OpenClaw does not recognize option "--check-overdue".
Try: openclaw skills run --help
Too many arguments for this command.
Try: openclaw skills run --help
OpenClaw does not recognize option "--check-overdue".
Try: openclaw skills run --help
OpenClaw does not recognize option "--check-overdue".
Try: openclaw skills run --help
OpenClaw does not recognize option "--check-overdue".
Try: openclaw skills run --help
OpenClaw does not recognize option "--check-overdue".
Try: openclaw skills run --help
OpenClaw does not recognize option "--check-overdue".
Try: openclaw skills run --help
OpenClaw does not recognize option "--check-overdue".
Try: openclaw skills run --help
Too many arguments for this command.
Try: openclaw skills run --help
OpenClaw does not recognize option "--check-overdue".
Try: openclaw skills run --help
Too many arguments for this command.
Try: openclaw skills run --help
OpenClaw does not recognize option "--check-overdue".
Try: openclaw skills run --help
OpenClaw does not recognize option "--check-overdue".
Try: openclaw skills run --help
OpenClaw does not recognize option "--check-overdue".
Try: openclaw skills run --help
Too many arguments for this command.
Try: openclaw skills run --help
OpenClaw does not recognize option "--check-overdue".
Try: openclaw skills run --help
OpenClaw does not recognize option "--check-overdue".
Try: openclaw skills run --help
OpenClaw does not recognize option "--check-overdue".
Try: openclaw skills run --help
OpenClaw does not recognize option "--check-overdue".
Try: openclaw skills run --help
OpenClaw does not recognize option "--check-overdue".
Try: openclaw skills run --help
OpenClaw does not recognize option "--check-overdue".
Try: openclaw skills run --help
Too many arguments for this command.
Try: openclaw skills run --help
OpenClaw does not recognize option "--check-overdue".
Try: openclaw skills run --help
OpenClaw does not recognize option "--check-overdue".
Try: openclaw skills run --help
OpenClaw does not recognize option "--check-overdue".
Try: openclaw skills run --help
OpenClaw does not recognize option "--check-overdue".
Try: openclaw skills run --help
Too many arguments for this command.
Try: openclaw skills run --help
OpenClaw does not recognize option "--check-overdue".
Try: openclaw skills run --help
OpenClaw does not recognize option "--check-overdue".
Try: openclaw skills run --help
OpenClaw does not recognize option "--check-overdue".
Try: openclaw skills run --help
OpenClaw does not recognize option "--check-overdue".
Try: openclaw skills run --help
OpenClaw does not recognize option "--check-overdue".
Try: openclaw skills run --help
OpenClaw does not recognize option "--check-overdue".
Try: openclaw skills run --help
OpenClaw does not recognize option "--check-overdue".
Try: openclaw skills run --help
OpenClaw does not recognize option "--check-overdue".
Try: openclaw skills run --help
Too many arguments for this command.
Try: openclaw skills run --help
OpenClaw does not recognize option "--check-overdue".
Try: openclaw skills run --help
OpenClaw does not recognize option "--check-overdue".
Try: openclaw skills run --help
OpenClaw does not recognize option "--check-overdue".
Try: openclaw skills run --help
OpenClaw does not recognize option "--check-overdue".
Try: openclaw skills run --help
Too many arguments for this command.
Try: openclaw skills run --help
OpenClaw does not recognize option "--check-overdue".
Try: openclaw skills run --help
OpenClaw does not recognize option "--check-overdue".
Try: openclaw skills run --help
OpenClaw does not recognize option "--check-overdue".
Try: openclaw skills run --help
OpenClaw does not recognize option "--check-overdue".
Try: openclaw skills run --help
OpenClaw does not recognize option "--check-overdue".
Try: openclaw skills run --help
OpenClaw does not recognize option "--check-overdue".
Try: openclaw skills run --help
OpenClaw does not recognize option "--check-overdue".
Try: openclaw skills run --help
📝 Content Pipeline Starting...

Loaded 14 content items

Found 0 threads to convert to blog posts
✅ Generated newsletter: newsletter-2026-06-21.md

📊 Content Pipeline Stats:
   Blog posts: 18
   Newsletters: 15

✨ Done! Next: Install blogwatcher + himalaya for full automation
(node:40512) [MODULE_TYPELESS_PACKAGE_JSON] Warning: Module type of file:///Users/aleckennedy/.openclaw/workspace/content-pipeline/generate.js is not specified and it doesn't parse as CommonJS.
Reparsing as ES module because module syntax was detected. This incurs a performance overhead.
To eliminate this warning, add "type": "module" to /Users/aleckennedy/.openclaw/workspace/package.json.
(Use `node --trace-warnings ...` to show where the warning was created)
OpenClaw does not recognize option "--check-overdue".
Try: openclaw skills run --help
Too many arguments for this command.
Try: openclaw skills run --help
OpenClaw does not recognize option "--check-overdue".
Try: openclaw skills run --help
OpenClaw does not recognize option "--check-overdue".
Try: openclaw skills run --help
OpenClaw does not recognize option "--check-overdue".
Try: openclaw skills run --help
OpenClaw does not recognize option "--check-overdue".
Try: openclaw skills run --help
Too many arguments for this command.
Try: openclaw skills run --help
OpenClaw does not recognize option "--check-overdue".
Try: openclaw skills run --help
OpenClaw does not recognize option "--check-overdue".
Try: openclaw skills run --help
OpenClaw does not recognize option "--check-overdue".
Try: openclaw skills run --help
OpenClaw does not recognize option "--check-overdue".
Try: openclaw skills run --help
OpenClaw does not recognize option "--check-overdue".
Try: openclaw skills run --help
OpenClaw does not recognize option "--check-overdue".
Try: openclaw skills run --help
OpenClaw does not recognize option "--check-overdue".
Try: openclaw skills run --help
OpenClaw does not recognize option "--check-overdue".
Try: openclaw skills run --help
Too many arguments for this command.
Try: openclaw skills run --help
OpenClaw does not recognize option "--check-overdue".
Try: openclaw skills run --help
OpenClaw does not recognize option "--check-overdue".
Try: openclaw skills run --help
📝 Content Pipeline Starting...

Loaded 14 content items

Found 0 threads to convert to blog posts
⏭️  Skipped newsletter (already generated for week of 2026-06-21)

📊 Content Pipeline Stats:
   Blog posts: 18
   Newsletters: 15

✨ Done! Next: Install blogwatcher + himalaya for full automation
(node:56760) [MODULE_TYPELESS_PACKAGE_JSON] Warning: Module type of file:///Users/aleckennedy/.openclaw/workspace/content-pipeline/generate.js is not specified and it doesn't parse as CommonJS.
Reparsing as ES module because module syntax was detected. This incurs a performance overhead.
To eliminate this warning, add "type": "module" to /Users/aleckennedy/.openclaw/workspace/package.json.
(Use `node --trace-warnings ...` to show where the warning was created)
OpenClaw does not recognize option "--check-overdue".
Try: openclaw skills run --help
Too many arguments for this command.
Try: openclaw skills run --help
OpenClaw does not recognize option "--check-overdue".
Try: openclaw skills run --help
Too many arguments for this command.
Try: openclaw skills run --help
Too many arguments for this command.
Try: openclaw skills run --help
OpenClaw does not recognize option "--check-overdue".
Try: openclaw skills run --help
OpenClaw does not recognize option "--check-overdue".
Try: openclaw skills run --help
OpenClaw does not recognize option "--check-overdue".
Try: openclaw skills run --help
Too many arguments for this command.
Try: openclaw skills run --help
OpenClaw does not recognize option "--check-overdue".
Try: openclaw skills run --help
OpenClaw does not recognize option "--check-overdue".
Try: openclaw skills run --help
Too many arguments for this command.
Try: openclaw skills run --help
OpenClaw does not recognize option "--check-overdue".
Try: openclaw skills run --help
OpenClaw does not recognize option "--check-overdue".
Try: openclaw skills run --help
OpenClaw does not recognize option "--check-overdue".
Try: openclaw skills run --help
Too many arguments for this command.
Try: openclaw skills run --help
OpenClaw does not recognize option "--check-overdue".
Try: openclaw skills run --help
OpenClaw does not recognize option "--check-overdue".
Try: openclaw skills run --help
OpenClaw does not recognize option "--check-overdue".
Try: openclaw skills run --help
OpenClaw does not recognize option "--check-overdue".
Try: openclaw skills run --help
Too many arguments for this command.
Try: openclaw skills run --help
OpenClaw does not recognize option "--check-overdue".
Try: openclaw skills run --help
Too many arguments for this command.
Try: openclaw skills run --help
OpenClaw does not recognize option "--check-overdue".
Try: openclaw skills run --help
OpenClaw does not recognize option "--check-overdue".
Try: openclaw skills run --help
OpenClaw does not recognize option "--check-overdue".
Try: openclaw skills run --help
OpenClaw does not recognize option "--check-overdue".
Try: openclaw skills run --help
OpenClaw does not recognize option "--check-overdue".
Try: openclaw skills run --help
OpenClaw does not recognize option "--check-overdue".
Try: openclaw skills run --help
OpenClaw does not recognize option "--check-overdue".
Try: openclaw skills run --help
OpenClaw does not recognize option "--check-overdue".
Try: openclaw skills run --help
OpenClaw does not recognize option "--check-overdue".
Try: openclaw skills run --help
Too many arguments for this command.
Try: openclaw skills run --help
OpenClaw does not recognize option "--check-overdue".
Try: openclaw skills run --help
OpenClaw does not recognize option "--check-overdue".
Try: openclaw skills run --help
📝 Content Pipeline Starting...

Loaded 14 content items

Found 0 threads to convert to blog posts
⏭️  Skipped newsletter (already generated for week of 2026-06-21)

📊 Content Pipeline Stats:
   Blog posts: 18
   Newsletters: 15

✨ Done! Next: Install blogwatcher + himalaya for full automation
(node:35600) [MODULE_TYPELESS_PACKAGE_JSON] Warning: Module type of file:///Users/aleckennedy/.openclaw/workspace/content-pipeline/generate.js is not specified and it doesn't parse as CommonJS.
Reparsing as ES module because module syntax was detected. This incurs a performance overhead.
To eliminate this warning, add "type": "module" to /Users/aleckennedy/.openclaw/workspace/package.json.
(Use `node --trace-warnings ...` to show where the warning was created)
OpenClaw does not recognize option "--check-overdue".
Try: openclaw skills run --help
OpenClaw does not recognize option "--check-overdue".
Try: openclaw skills run --help
Too many arguments for this command.
Try: openclaw skills run --help
OpenClaw does not recognize option "--check-overdue".
Try: openclaw skills run --help
OpenClaw does not recognize option "--check-overdue".
Try: openclaw skills run --help
OpenClaw does not recognize option "--check-overdue".
Try: openclaw skills run --help
OpenClaw does not recognize option "--check-overdue".
Try: openclaw skills run --help
OpenClaw does not recognize option "--check-overdue".
Try: openclaw skills run --help
OpenClaw does not recognize option "--check-overdue".
Try: openclaw skills run --help
OpenClaw does not recognize option "--check-overdue".
Try: openclaw skills run --help
OpenClaw does not recognize option "--check-overdue".
Try: openclaw skills run --help
OpenClaw does not recognize option "--check-overdue".
Try: openclaw skills run --help
OpenClaw does not recognize option "--check-overdue".
Try: openclaw skills run --help
OpenClaw does not recognize option "--check-overdue".
Try: openclaw skills run --help
OpenClaw does not recognize option "--check-overdue".
Try: openclaw skills run --help
OpenClaw does not recognize option "--check-overdue".
Try: openclaw skills run --help
OpenClaw does not recognize option "--check-overdue".
Try: openclaw skills run --help
OpenClaw does not recognize option "--check-overdue".
Try: openclaw skills run --help
Too many arguments for this command.
Try: openclaw skills run --help
OpenClaw does not recognize option "--check-overdue".
Try: openclaw skills run --help
📝 Content Pipeline Starting...

Loaded 14 content items

Found 0 threads to convert to blog posts
✅ Generated newsletter: newsletter-2026-06-28.md

📊 Content Pipeline Stats:
   Blog posts: 18
   Newsletters: 16

✨ Done! Next: Install blogwatcher + himalaya for full automation
(node:215) [MODULE_TYPELESS_PACKAGE_JSON] Warning: Module type of file:///Users/aleckennedy/.openclaw/workspace/content-pipeline/generate.js is not specified and it doesn't parse as CommonJS.
Reparsing as ES module because module syntax was detected. This incurs a performance overhead.
To eliminate this warning, add "type": "module" to /Users/aleckennedy/.openclaw/workspace/package.json.
(Use `node --trace-warnings ...` to show where the warning was created)
OpenClaw does not recognize option "--check-overdue".
Try: openclaw skills run --help
Too many arguments for this command.
Try: openclaw skills run --help
OpenClaw does not recognize option "--check-overdue".
Try: openclaw skills run --help
OpenClaw does not recognize option "--check-overdue".
Try: openclaw skills run --help
OpenClaw does not recognize option "--check-overdue".
Try: openclaw skills run --help
OpenClaw does not recognize option "--check-overdue".
Try: openclaw skills run --help
Too many arguments for this command.
Try: openclaw skills run --help
OpenClaw does not recognize option "--check-overdue".
Try: openclaw skills run --help
OpenClaw does not recognize option "--check-overdue".
Try: openclaw skills run --help
OpenClaw does not recognize option "--check-overdue".
Try: openclaw skills run --help
OpenClaw does not recognize option "--check-overdue".
Try: openclaw skills run --help
OpenClaw does not recognize option "--check-overdue".
Try: openclaw skills run --help
OpenClaw does not recognize option "--check-overdue".
Try: openclaw skills run --help
OpenClaw does not recognize option "--check-overdue".
Try: openclaw skills run --help
OpenClaw does not recognize option "--check-overdue".
Try: openclaw skills run --help
OpenClaw does not recognize option "--check-overdue".
Try: openclaw skills run --help
OpenClaw does not recognize option "--check-overdue".
Try: openclaw skills run --help
OpenClaw does not recognize option "--check-overdue".
Try: openclaw skills run --help
OpenClaw does not recognize option "--check-overdue".
Try: openclaw skills run --help
OpenClaw does not recognize option "--check-overdue".
Try: openclaw skills run --help
OpenClaw does not recognize option "--check-overdue".
Try: openclaw skills run --help
OpenClaw does not recognize option "--check-overdue".
Try: openclaw skills run --help
OpenClaw does not recognize option "--check-overdue".
Try: openclaw skills run --help
Too many arguments for this command.
Try: openclaw skills run --help
OpenClaw does not recognize option "--check-overdue".
Try: openclaw skills run --help
OpenClaw does not recognize option "--check-overdue".
Try: openclaw skills run --help
📝 Content Pipeline Starting...

Loaded 14 content items

Found 0 threads to convert to blog posts
⏭️  Skipped newsletter (already generated for week of 2026-06-28)

📊 Content Pipeline Stats:
   Blog posts: 18
   Newsletters: 16

✨ Done! Next: Install blogwatcher + himalaya for full automation
(node:72787) [MODULE_TYPELESS_PACKAGE_JSON] Warning: Module type of file:///Users/aleckennedy/.openclaw/workspace/content-pipeline/generate.js is not specified and it doesn't parse as CommonJS.
Reparsing as ES module because module syntax was detected. This incurs a performance overhead.
To eliminate this warning, add "type": "module" to /Users/aleckennedy/.openclaw/workspace/package.json.
(Use `node --trace-warnings ...` to show where the warning was created)
OpenClaw does not recognize option "--check-overdue".
Try: openclaw skills run --help
Too many arguments for this command.
Try: openclaw skills run --help
OpenClaw does not recognize option "--check-overdue".
Try: openclaw skills run --help
Too many arguments for this command.
Try: openclaw skills run --help
OpenClaw does not recognize option "--check-overdue".
Try: openclaw skills run --help
OpenClaw does not recognize option "--check-overdue".
Try: openclaw skills run --help
OpenClaw does not recognize option "--check-overdue".
Try: openclaw skills run --help
OpenClaw does not recognize option "--check-overdue".
Try: openclaw skills run --help
OpenClaw does not recognize option "--check-overdue".
Try: openclaw skills run --help
OpenClaw does not recognize option "--check-overdue".
Try: openclaw skills run --help
OpenClaw does not recognize option "--check-overdue".
Try: openclaw skills run --help
OpenClaw does not recognize option "--check-overdue".
Try: openclaw skills run --help
OpenClaw does not recognize option "--check-overdue".
Try: openclaw skills run --help
OpenClaw does not recognize option "--check-overdue".
Try: openclaw skills run --help
OpenClaw does not recognize option "--check-overdue".
Try: openclaw skills run --help
OpenClaw does not recognize option "--check-overdue".
Try: openclaw skills run --help
Too many arguments for this command.
Try: openclaw skills run --help
Too many arguments for this command.
Try: openclaw skills run --help
OpenClaw does not recognize option "--check-overdue".
Try: openclaw skills run --help
OpenClaw does not recognize option "--check-overdue".
Try: openclaw skills run --help
OpenClaw does not recognize option "--check-overdue".
Try: openclaw skills run --help
Too many arguments for this command.
Try: openclaw skills run --help
OpenClaw does not recognize option "--check-overdue".
Try: openclaw skills run --help
OpenClaw does not recognize option "--check-overdue".
Try: openclaw skills run --help
OpenClaw does not recognize option "--check-overdue".
Try: openclaw skills run --help
OpenClaw does not recognize option "--check-overdue".
Try: openclaw skills run --help
OpenClaw does not recognize option "--check-overdue".
Try: openclaw skills run --help
OpenClaw does not recognize option "--check-overdue".
Try: openclaw skills run --help
OpenClaw does not recognize option "--check-overdue".
Try: openclaw skills run --help
OpenClaw does not recognize option "--check-overdue".
Try: openclaw skills run --help
OpenClaw does not recognize option "--check-overdue".
Try: openclaw skills run --help
OpenClaw does not recognize option "--check-overdue".
Try: openclaw skills run --help
OpenClaw does not recognize option "--check-overdue".
Try: openclaw skills run --help
OpenClaw does not recognize option "--check-overdue".
Try: openclaw skills run --help
OpenClaw does not recognize option "--check-overdue".
Try: openclaw skills run --help
OpenClaw does not recognize option "--check-overdue".
Try: openclaw skills run --help
OpenClaw does not recognize option "--check-overdue".
Try: openclaw skills run --help
OpenClaw does not recognize option "--check-overdue".
Try: openclaw skills run --help
OpenClaw does not recognize option "--check-overdue".
Try: openclaw skills run --help
OpenClaw does not recognize option "--check-overdue".
Try: openclaw skills run --help
OpenClaw does not recognize option "--check-overdue".
Try: openclaw skills run --help
OpenClaw does not recognize option "--check-overdue".
Try: openclaw skills run --help
OpenClaw does not recognize option "--check-overdue".
Try: openclaw skills run --help
OpenClaw does not recognize option "--check-overdue".
Try: openclaw skills run --help
OpenClaw does not recognize option "--check-overdue".
Try: openclaw skills run --help
OpenClaw does not recognize option "--check-overdue".
Try: openclaw skills run --help
Too many arguments for this command.
Try: openclaw skills run --help
OpenClaw does not recognize option "--check-overdue".
Try: openclaw skills run --help
OpenClaw does not recognize option "--check-overdue".
Try: openclaw skills run --help
📝 Content Pipeline Starting...

Loaded 14 content items

Found 0 threads to convert to blog posts
✅ Generated newsletter: newsletter-2026-07-05.md

📊 Content Pipeline Stats:
   Blog posts: 18
   Newsletters: 17

✨ Done! Next: Install blogwatcher + himalaya for full automation
(node:5327) [MODULE_TYPELESS_PACKAGE_JSON] Warning: Module type of file:///Users/aleckennedy/.openclaw/workspace/content-pipeline/generate.js is not specified and it doesn't parse as CommonJS.
Reparsing as ES module because module syntax was detected. This incurs a performance overhead.
To eliminate this warning, add "type": "module" to /Users/aleckennedy/.openclaw/workspace/package.json.
(Use `node --trace-warnings ...` to show where the warning was created)
OpenClaw does not recognize option "--check-overdue".
Try: openclaw skills run --help
OpenClaw does not recognize option "--check-overdue".
Try: openclaw skills run --help
Too many arguments for this command.
Try: openclaw skills run --help
Too many arguments for this command.
Try: openclaw skills run --help
OpenClaw does not recognize option "--check-overdue".
Try: openclaw skills run --help
OpenClaw does not recognize option "--check-overdue".
Try: openclaw skills run --help
OpenClaw does not recognize option "--check-overdue".
Try: openclaw skills run --help
OpenClaw does not recognize option "--check-overdue".
Try: openclaw skills run --help
Too many arguments for this command.
Try: openclaw skills run --help
OpenClaw does not recognize option "--check-overdue".
Try: openclaw skills run --help
OpenClaw does not recognize option "--check-overdue".
Try: openclaw skills run --help
OpenClaw does not recognize option "--check-overdue".
Try: openclaw skills run --help
OpenClaw does not recognize option "--check-overdue".
Try: openclaw skills run --help
OpenClaw does not recognize option "--check-overdue".
Try: openclaw skills run --help
OpenClaw does not recognize option "--check-overdue".
Try: openclaw skills run --help
OpenClaw does not recognize option "--check-overdue".
Try: openclaw skills run --help
Too many arguments for this command.
Try: openclaw skills run --help
OpenClaw does not recognize option "--check-overdue".
Try: openclaw skills run --help
Too many arguments for this command.
Try: openclaw skills run --help
OpenClaw does not recognize option "--check-overdue".
Try: openclaw skills run --help
OpenClaw does not recognize option "--check-overdue".
Try: openclaw skills run --help
OpenClaw does not recognize option "--check-overdue".
Try: openclaw skills run --help
OpenClaw does not recognize option "--check-overdue".
Try: openclaw skills run --help
OpenClaw does not recognize option "--check-overdue".
Try: openclaw skills run --help
OpenClaw does not recognize option "--check-overdue".
Try: openclaw skills run --help
OpenClaw does not recognize option "--check-overdue".
Try: openclaw skills run --help
OpenClaw does not recognize option "--check-overdue".
Try: openclaw skills run --help
OpenClaw does not recognize option "--check-overdue".
Try: openclaw skills run --help
OpenClaw does not recognize option "--check-overdue".
Try: openclaw skills run --help
OpenClaw does not recognize option "--check-overdue".
Try: openclaw skills run --help
OpenClaw does not recognize option "--check-overdue".
Try: openclaw skills run --help
OpenClaw does not recognize option "--check-overdue".
Try: openclaw skills run --help
Too many arguments for this command.
Try: openclaw skills run --help
OpenClaw does not recognize option "--check-overdue".
Try: openclaw skills run --help
OpenClaw does not recognize option "--check-overdue".
Try: openclaw skills run --help
📝 Content Pipeline Starting...

Loaded 14 content items

Found 0 threads to convert to blog posts
⏭️  Skipped newsletter (already generated for week of 2026-07-05)

📊 Content Pipeline Stats:
   Blog posts: 18
   Newsletters: 17

✨ Done! Next: Install blogwatcher + himalaya for full automation
(node:82451) [MODULE_TYPELESS_PACKAGE_JSON] Warning: Module type of file:///Users/aleckennedy/.openclaw/workspace/content-pipeline/generate.js is not specified and it doesn't parse as CommonJS.
Reparsing as ES module because module syntax was detected. This incurs a performance overhead.
To eliminate this warning, add "type": "module" to /Users/aleckennedy/.openclaw/workspace/package.json.
(Use `node --trace-warnings ...` to show where the warning was created)
OpenClaw does not recognize option "--check-overdue".
Try: openclaw skills run --help
Too many arguments for this command.
Try: openclaw skills run --help
OpenClaw does not recognize option "--check-overdue".
Try: openclaw skills run --help
Too many arguments for this command.
Try: openclaw skills run --help
OpenClaw does not recognize option "--check-overdue".
Try: openclaw skills run --help
OpenClaw does not recognize option "--check-overdue".
Try: openclaw skills run --help
OpenClaw does not recognize option "--check-overdue".
Try: openclaw skills run --help
OpenClaw does not recognize option "--check-overdue".
Try: openclaw skills run --help
Too many arguments for this command.
Try: openclaw skills run --help
OpenClaw does not recognize option "--check-overdue".
Try: openclaw skills run --help
OpenClaw does not recognize option "--check-overdue".
Try: openclaw skills run --help
OpenClaw does not recognize option "--check-overdue".
Try: openclaw skills run --help
OpenClaw does not recognize option "--check-overdue".
Try: openclaw skills run --help
OpenClaw does not recognize option "--check-overdue".
Try: openclaw skills run --help
OpenClaw does not recognize option "--check-overdue".
Try: openclaw skills run --help
OpenClaw does not recognize option "--check-overdue".
Try: openclaw skills run --help
Too many arguments for this command.
Try: openclaw skills run --help
OpenClaw does not recognize option "--check-overdue".
Try: openclaw skills run --help
OpenClaw does not recognize option "--check-overdue".
Try: openclaw skills run --help
OpenClaw does not recognize option "--check-overdue".
Try: openclaw skills run --help
OpenClaw does not recognize option "--check-overdue".
Try: openclaw skills run --help
Too many arguments for this command.
Try: openclaw skills run --help
OpenClaw does not recognize option "--check-overdue".
Try: openclaw skills run --help
OpenClaw does not recognize option "--check-overdue".
Try: openclaw skills run --help
OpenClaw does not recognize option "--check-overdue".
Try: openclaw skills run --help
OpenClaw does not recognize option "--check-overdue".
Try: openclaw skills run --help
OpenClaw does not recognize option "--check-overdue".
Try: openclaw skills run --help
OpenClaw does not recognize option "--check-overdue".
Try: openclaw skills run --help
Too many arguments for this command.
Try: openclaw skills run --help
OpenClaw does not recognize option "--check-overdue".
Try: openclaw skills run --help
OpenClaw does not recognize option "--check-overdue".
Try: openclaw skills run --help
OpenClaw does not recognize option "--check-overdue".
Try: openclaw skills run --help
OpenClaw does not recognize option "--check-overdue".
Try: openclaw skills run --help
OpenClaw does not recognize option "--check-overdue".
Try: openclaw skills run --help
Too many arguments for this command.
Try: openclaw skills run --help
OpenClaw does not recognize option "--check-overdue".
Try: openclaw skills run --help
Too many arguments for this command.
Try: openclaw skills run --help
OpenClaw does not recognize option "--check-overdue".
Try: openclaw skills run --help
OpenClaw does not recognize option "--check-overdue".
Try: openclaw skills run --help
OpenClaw does not recognize option "--check-overdue".
Try: openclaw skills run --help
OpenClaw does not recognize option "--check-overdue".
Try: openclaw skills run --help
Too many arguments for this command.
Try: openclaw skills run --help
OpenClaw does not recognize option "--check-overdue".
Try: openclaw skills run --help
OpenClaw does not recognize option "--check-overdue".
Try: openclaw skills run --help
OpenClaw does not recognize option "--check-overdue".
Try: openclaw skills run --help
OpenClaw does not recognize option "--check-overdue".
Try: openclaw skills run --help
OpenClaw does not recognize option "--check-overdue".
Try: openclaw skills run --help
OpenClaw does not recognize option "--check-overdue".
Try: openclaw skills run --help
OpenClaw does not recognize option "--check-overdue".
Try: openclaw skills run --help
OpenClaw does not recognize option "--check-overdue".
Try: openclaw skills run --help
OpenClaw does not recognize option "--check-overdue".
Try: openclaw skills run --help
OpenClaw does not recognize option "--check-overdue".
Try: openclaw skills run --help
OpenClaw does not recognize option "--check-overdue".
Try: openclaw skills run --help
OpenClaw does not recognize option "--check-overdue".
Try: openclaw skills run --help
OpenClaw does not recognize option "--check-overdue".
Try: openclaw skills run --help
OpenClaw does not recognize option "--check-overdue".
Try: openclaw skills run --help
OpenClaw does not recognize option "--check-overdue".
Try: openclaw skills run --help
OpenClaw does not recognize option "--check-overdue".
Try: openclaw skills run --help
OpenClaw does not recognize option "--check-overdue".
Try: openclaw skills run --help
Too many arguments for this command.
Try: openclaw skills run --help
Too many arguments for this command.
Try: openclaw skills run --help
Too many arguments for this command.
Try: openclaw skills run --help
Too many arguments for this command.
Try: openclaw skills run --help
Too many arguments for this command.
Try: openclaw skills run --help
Too many arguments for this command.
Try: openclaw skills run --help
Too many arguments for this command.
Try: openclaw skills run --help
Too many arguments for this command.
Try: openclaw skills run --help
